Component: ARM Compiler 5.06 update 3 (build 300) Tool: armlink [4d35c9]

==============================================================================

Section Cross References

    main.o(.text) refers to _printf_pad.o(.text) for _printf_pre_padding
    main.o(.text) refers to _printf_percent.o(.ARM.Collect$$_printf_percent$$00000000) for _printf_percent
    main.o(.text) refers to _printf_d.o(.ARM.Collect$$_printf_percent$$00000009) for _printf_d
    main.o(.text) refers to _printf_dec.o(.text) for _printf_int_dec
    main.o(.text) refers to _printf_f.o(.ARM.Collect$$_printf_percent$$00000003) for _printf_f
    main.o(.text) refers to printf1.o(x$fpl$printf1) for _printf_fp_dec
    main.o(.text) refers to stm32f10x_rcc.o(.text) for RCC_GetClocksFreq
    main.o(.text) refers to configuration.o(.text) for RCC_configuration
    main.o(.text) refers to serial.o(.text) for UART_config
    main.o(.text) refers to glcd.o(.text) for glcd_select_screen
    main.o(.text) refers to display.o(.text) for glcd_reset
    main.o(.text) refers to st7565r.o(.text) for glcd_ST7565R_init
    main.o(.text) refers to text_tiny.o(.text) for glcd_tiny_set_font
    main.o(.text) refers to text.o(.text) for glcd_draw_string_xy
    main.o(.text) refers to rtc.o(.text) for RTC_initialisation
    main.o(.text) refers to strtol.o(.text) for strtol
    main.o(.text) refers to dflt_clz.o(x$fpl$dflt) for __aeabi_i2d
    main.o(.text) refers to dflt_clz.o(x$fpl$dfltu) for __aeabi_ui2d
    main.o(.text) refers to ddiv.o(x$fpl$ddiv) for __aeabi_ddiv
    main.o(.text) refers to dmul.o(x$fpl$dmul) for __aeabi_dmul
    main.o(.text) refers to dfixu.o(x$fpl$dfixu) for __aeabi_d2uiz
    main.o(.text) refers to noretval__2sprintf.o(.text) for __2sprintf
    main.o(.text) refers to dfix.o(x$fpl$dfix) for __aeabi_d2iz
    main.o(.text) refers to lm75b.o(.text) for readTemperatur
    main.o(.text) refers to f2d.o(x$fpl$f2d) for __aeabi_f2d
    main.o(.text) refers to daddsub_clz.o(x$fpl$dadd) for __aeabi_dadd
    main.o(.text) refers to floor.o(i.floor) for floor
    main.o(.text) refers to stm32f10x_usart.o(.text) for USART_GetITStatus
    main.o(.text) refers to main.o(.data) for uwTimingDelay
    main.o(.text) refers to main.o(.bss) for RCC_Clocks
    main.o(.text) refers to glcd.o(.data) for glcd_bbox
    main.o(.text) refers to glcd.o(.bss) for glcd_buffer
    main.o(.text) refers to main.o(.constdata) for Font5x7
    stm32f10x_it.o(.text) refers to main.o(.text) for TimingDelay_Decrement
    stm32f10x_it.o(.text) refers to stm32f10x_rtc.o(.text) for RTC_GetITStatus
    stm32f10x_it.o(.text) refers to stm32f10x_it.o(.data) for ms_ticks
    stm32f10x_it.o(.text) refers to main.o(.data) for TimeDisplay
    configuration.o(.text) refers to stm32f10x_rcc.o(.text) for RCC_APB2PeriphClockCmd
    configuration.o(.text) refers to stm32f10x_gpio.o(.text) for GPIO_Init
    configuration.o(.text) refers to stm32f10x_adc.o(.text) for ADC_DeInit
    configuration.o(.text) refers to stm32f10x_spi.o(.text) for SPI_I2S_DeInit
    configuration.o(.text) refers to stm32f10x_i2c.o(.text) for I2C_Init
    configuration.o(.text) refers to misc.o(.text) for NVIC_PriorityGroupConfig
    configuration.o(.text) refers to stm32f10x_tim.o(.text) for TIM_TimeBaseInit
    configuration.o(.text) refers to stm32f10x_dma.o(.text) for DMA_DeInit
    configuration.o(.text) refers to configuration.o(.data) for ADC_Value
    rtc.o(.text) refers to stm32f10x_bkp.o(.text) for BKP_ReadBackupRegister
    rtc.o(.text) refers to configuration.o(.text) for RTC_configuration
    rtc.o(.text) refers to stm32f10x_rcc.o(.text) for RCC_GetFlagStatus
    rtc.o(.text) refers to stm32f10x_rtc.o(.text) for RTC_WaitForSynchro
    lm75b.o(.text) refers to i2c.o(.text) for I2C_Write_1_Read_2_byte
    lm75b.o(.text) refers to fflt_clz.o(x$fpl$fflt) for __aeabi_i2f
    lm75b.o(.text) refers to f2d.o(x$fpl$f2d) for __aeabi_f2d
    lm75b.o(.text) refers to dmul.o(x$fpl$dmul) for __aeabi_dmul
    lm75b.o(.text) refers to d2f.o(x$fpl$d2f) for __aeabi_d2f
    display.o(.text) refers to stm32f10x_gpio.o(.text) for GPIO_ResetBits
    display.o(.text) refers to stm32f10x_spi.o(.text) for SPI_I2S_GetFlagStatus
    display.o(.text) refers to main.o(.text) for delay_ms
    display.o(.text) refers to glcd.o(.text) for glcd_clear_buffer
    display.o(.text) refers to st7565r.o(.text) for glcd_write
    i2c.o(.text) refers to stm32f10x_rcc.o(.text) for RCC_APB2PeriphClockCmd
    i2c.o(.text) refers to stm32f10x_gpio.o(.text) for GPIO_PinRemapConfig
    i2c.o(.text) refers to stm32f10x_i2c.o(.text) for I2C_Cmd
    i2c.o(.text) refers to i2c.o(.data) for I2C1_state
    i2c.o(.text) refers to i2c.o(.constdata) for RxError
    retarget.o(.text) refers to serial.o(.text) for SER_PutChar
    serial.o(.text) refers to stm32f10x_rcc.o(.text) for RCC_APB2PeriphClockCmd
    serial.o(.text) refers to stm32f10x_gpio.o(.text) for GPIO_Init
    serial.o(.text) refers to stm32f10x_usart.o(.text) for USART_Init
[...]
    __lcnum_c_end                            0x0800745c   Data           0  lc_numeric_c.o(locale$$data)
    .data                                    0x20000000   Section       28  main.o(.data)
    uwTimingDelay                            0x20000000   Data           4  main.o(.data)
    dutyCycle                                0x20000010   Data           8  main.o(.data)
    dutyIncrement                            0x20000018   Data           1  main.o(.data)
    frequIncrement                           0x20000019   Data           1  main.o(.data)
    nextDuty                                 0x2000001a   Data           1  main.o(.data)
    nextFrequ                                0x2000001b   Data           1  main.o(.data)
    .data                                    0x2000001c   Section        4  stm32f10x_it.o(.data)
    .data                                    0x20000020   Section        8  configuration.o(.data)
    .data                                    0x20000028   Section        3  i2c.o(.data)
    countFault                               0x2000002a   Data           1  i2c.o(.data)
    .data                                    0x2000002c   Section       12  glcd.o(.data)
    .data                                    0x20000038   Section       20  stm32f10x_rcc.o(.data)
    APBAHBPrescTable                         0x20000038   Data          16  stm32f10x_rcc.o(.data)
    ADCPrescTable                            0x20000048   Data           4  stm32f10x_rcc.o(.data)
    .data                                    0x2000004c   Section       20  system_stm32f10x.o(.data)
    .bss                                     0x20000060   Section       50  main.o(.bss)
    .bss                                     0x20000092   Section      512  glcd.o(.bss)
    .bss                                     0x20000294   Section       12  text.o(.bss)
    .bss                                     0x200002a0   Section       96  libspace.o(.bss)
    HEAP                                     0x20000300   Section      512  startup_stm32f10x_md.o(HEAP)
    Heap_Mem                                 0x20000300   Data         512  startup_stm32f10x_md.o(HEAP)
    STACK                                    0x20000500   Section     1024  startup_stm32f10x_md.o(STACK)
    Stack_Mem                                0x20000500   Data        1024  startup_stm32f10x_md.o(STACK)
    __initial_sp                             0x20000900   Data           0  startup_stm32f10x_md.o(STACK)

    Global Symbols

    Symbol Name                              Value     Ov Type        Size  Object(Section)

    BuildAttributes$$THM_ISAv4$P$D$K$B$S$PE$A:L22UL41UL21$X:L11$S22US41US21$IEEE1$IW$USESV6$~STKCKD$USESV7$~SHL$OTIME$ROPI$IEEEJ$EBA8$UX$STANDARDLIB$REQ8$PRES8$EABIv2 0x00000000   Number         0  anon$$obj.o ABSOLUTE
    __ARM_use_no_argv                        0x00000000   Number         0  main.o ABSOLUTE
    _printf_flags                            0x00000000   Number         0  printf_stubs.o ABSOLUTE
    _printf_return_value                     0x00000000   Number         0  printf_stubs.o ABSOLUTE
    _printf_sizespec                         0x00000000   Number         0  printf_stubs.o ABSOLUTE
    _printf_widthprec                        0x00000000   Number         0  printf_stubs.o ABSOLUTE
    __ARM_exceptions_init                     - Undefined Weak Reference
    __alloca_initialize                       - Undefined Weak Reference
    __arm_preinit_                            - Undefined Weak Reference
    __cpp_initialize__aeabi_                  - Undefined Weak Reference
    __cxa_finalize                            - Undefined Weak Reference
    __sigvec_lookup                           - Undefined Weak Reference
    _atexit_init                              - Undefined Weak Reference
    _call_atexit_fns                          - Undefined Weak Reference
    _clock_init                               - Undefined Weak Reference
    _fp_trap_init                             - Undefined Weak Reference
    _fp_trap_shutdown                         - Undefined Weak Reference
    _get_lc_collate                           - Undefined Weak Reference
    _get_lc_monetary                          - Undefined Weak Reference
    _get_lc_time                              - Undefined Weak Reference
    _getenv_init                              - Undefined Weak Reference
    _handle_redirection                       - Undefined Weak Reference
    _init_alloc                               - Undefined Weak Reference
    _init_user_alloc                          - Undefined Weak Reference
    _initio                                   - Undefined Weak Reference
    _printf_truncate_signed                   - Undefined Weak Reference
    _printf_truncate_unsigned                 - Undefined Weak Reference
    _rand_init                                - Undefined Weak Reference
    _signal_finish                            - Undefined Weak Reference
    _signal_init                              - Undefined Weak Reference
    _terminate_alloc                          - Undefined Weak Reference
    _terminate_user_alloc                     - Undefined Weak Reference
    _terminateio                              - Undefined Weak Reference
    __Vectors_Size                           0x000000ec   Number         0  startup_stm32f10x_md.o ABSOLUTE
    __Vectors                                0x08000000   Data           4  startup_stm32f10x_md.o(RESET)
    __Vectors_End                            0x080000ec   Data           0  startup_stm32f10x_md.o(RESET)
    __main                                   0x080000ed   Thumb Code     8  __main.o(!!!main)
    __scatterload                            0x080000f5   Thumb Code     0  __scatter.o(!!!scatter)
    __scatterload_rt2                        0x080000f5   Thumb Code    44  __scatter.o(!!!scatter)
    __scatterload_rt2_thumb_only             0x080000f5   Thumb Code     0  __scatter.o(!!!scatter)
    __scatterload_null                       0x08000103   Thumb Code     0  __scatter.o(!!!scatter)
    __scatterload_copy                       0x08000129   Thumb Code    26  __scatter_copy.o(!!handler_copy)
    __scatterload_zeroinit                   0x08000145   Thumb Code    28  __scatter_zi.o(!!handler_zi)
    _printf_f                                0x08000161   Thumb Code     0  _printf_f.o(.ARM.Collect$$_printf_percent$$00000003)
    _printf_percent                          0x08000161   Thumb Code     0  _printf_percent.o(.ARM.Collect$$_printf_percent$$00000000)
    _printf_d                                0x08000167   Thumb Code     0  _printf_d.o(.ARM.Collect$$_printf_percent$$00000009)
    _printf_percent_end                      0x0800016d   Thumb Code     0  _printf_percent_end.o(.ARM.Collect$$_printf_percent$$00000017)
    __rt_lib_init                            0x08000171   Thumb Code     0  libinit.o(.ARM.Collect$$libinit$$00000000)
    __rt_lib_init_fp_1                       0x08000173   Thumb Code     0  libinit2.o(.ARM.Collect$$libinit$$00000002)
    __rt_lib_init_heap_1                     0x08000173   Thumb Code     0  libinit2.o(.ARM.Collect$$libinit$$0000000A)
    __rt_lib_init_lc_common                  0x08000173   Thumb Code     0  libinit2.o(.ARM.Collect$$libinit$$0000000F)
    __rt_lib_init_preinit_1                  0x08000173   Thumb Code     0  libinit2.o(.ARM.Collect$$libinit$$00000004)
    __rt_lib_init_rand_1                     0x08000173   Thumb Code     0  libinit2.o(.ARM.Collect$$libinit$$0000000E)
    __rt_lib_init_user_alloc_1               0x08000173   Thumb Code     0  libinit2.o(.ARM.Collect$$libinit$$0000000C)
    __rt_lib_init_lc_collate_1               0x08000179   Thumb Code     0  libinit2.o(.ARM.Collect$$libinit$$00000011)
    __rt_lib_init_lc_ctype_2                 0x08000179   Thumb Code     0  libinit2.o(.ARM.Collect$$libinit$$00000012)
    __rt_lib_init_lc_ctype_1                 0x08000185   Thumb Code     0  libinit2.o(.ARM.Collect$$libinit$$00000013)
    __rt_lib_init_lc_monetary_1              0x08000185   Thumb Code     0  libinit2.o(.ARM.Collect$$libinit$$00000015)
    __rt_lib_init_lc_numeric_2               0x08000185   Thumb Code     0  libinit2.o(.ARM.Collect$$libinit$$00000016)
    __rt_lib_init_alloca_1                   0x0800018f   Thumb Code     0  libinit2.o(.ARM.Collect$$libinit$$0000002E)
    __rt_lib_init_argv_1                     0x0800018f   Thumb Code     0  libinit2.o(.ARM.Collect$$libinit$$0000002C)
    __rt_lib_init_atexit_1                   0x0800018f   Thumb Code     0  libinit2.o(.ARM.Collect$$libinit$$0000001B)
    __rt_lib_init_clock_1                    0x0800018f   Thumb Code     0  libinit2.o(.ARM.Collect$$libinit$$00000021)
    __rt_lib_init_cpp_1                      0x0800018f   Thumb Code     0  libinit2.o(.ARM.Collect$$libinit$$00000032)
    __rt_lib_init_exceptions_1               0x0800018f   Thumb Code     0  libinit2.o(.ARM.Collect$$libinit$$00000030)
    __rt_lib_init_fp_trap_1                  0x0800018f   Thumb Code     0  libinit2.o(.ARM.Collect$$libinit$$0000001F)
    __rt_lib_init_getenv_1                   0x0800018f   Thumb Code     0  libinit2.o(.ARM.Collect$$libinit$$00000023)
    __rt_lib_init_lc_numeric_1               0x0800018f   Thumb Code     0  libinit2.o(.ARM.Collect$$libinit$$00000017)
    __rt_lib_init_lc_time_1                  0x0800018f   Thumb Code     0  libinit2.o(.ARM.Collect$$libinit$$00000019)
    __rt_lib_init_return                     0x0800018f   Thumb Code     0  libinit2.o(.ARM.Collect$$libinit$$00000033)
    __rt_lib_init_signal_1                   0x0800018f   Thumb Code     0  libinit2.o(.ARM.Collect$$libinit$$0000001D)
    __rt_lib_init_stdio_1                    0x0800018f   Thumb Code     0  libinit2.o(.ARM.Collect$$libinit$$00000025)
    __rt_lib_shutdown                        0x08000191   Thumb Code     0  libshutdown.o(.ARM.Collect$$libshutdown$$00000000)
    __rt_lib_shutdown_cpp_1                  0x08000193   Thumb Code     0  libshutdown2.o(.ARM.Collect$$libshutdown$$00000002)
    __rt_lib_shutdown_fp_trap_1              0x08000193   Thumb Code     0  libshutdown2.o(.ARM.Collect$$libshutdown$$00000007)
    __rt_lib_shutdown_heap_1                 0x08000193   Thumb Code     0  libshutdown2.o(.ARM.Collect$$libshutdown$$0000000F)
    __rt_lib_shutdown_return                 0x08000193   Thumb Code     0  libshutdown2.o(.ARM.Collect$$libshutdown$$00000010)
    __rt_lib_shutdown_signal_1               0x08000193   Thumb Code     0  libshutdown2.o(.ARM.Collect$$libshutdown$$0000000A)
    __rt_lib_shutdown_stdio_1                0x08000193   Thumb Code     0  libshutdown2.o(.ARM.Collect$$libshutdown$$00000004)
    __rt_lib_shutdown_user_alloc_1           0x08000193   Thumb Code     0  libshutdown2.o(.ARM.Collect$$libshutdown$$0000000C)
    __rt_entry                               0x08000195   Thumb Code     0  __rtentry.o(.ARM.Collect$$rtentry$$00000000)
    __rt_entry_presh_1                       0x08000195   Thumb Code     0  __rtentry2.o(.ARM.Collect$$rtentry$$00000002)
    __rt_entry_sh                            0x08000195   Thumb Code     0  __rtentry4.o(.ARM.Collect$$rtentry$$00000004)
    __rt_entry_li                            0x0800019b   Thumb Code     0  __rtentry2.o(.ARM.Collect$$rtentry$$0000000A)
    __rt_entry_postsh_1                      0x0800019b   Thumb Code     0  __rtentry2.o(.ARM.Collect$$rtentry$$00000009)
    __rt_entry_main                          0x0800019f   Thumb Code     0  __rtentry2.o(.ARM.Collect$$rtentry$$0000000D)
    __rt_entry_postli_1                      0x0800019f   Thumb Code     0  __rtentry2.o(.ARM.Collect$$rtentry$$0000000C)
    __rt_exit                                0x080001a7   Thumb Code     0  rtexit.o(.ARM.Collect$$rtexit$$00000000)
    __rt_exit_ls                             0x080001a9   Thumb Code     0  rtexit2.o(.ARM.Collect$$rtexit$$00000003)
    __rt_exit_prels_1                        0x080001a9   Thumb Code     0  rtexit2.o(.ARM.Collect$$rtexit$$00000002)
    __rt_exit_exit                           0x080001ad   Thumb Code     0  rtexit2.o(.ARM.Collect$$rtexit$$00000004)
    delay_ms                                 0x080001b5   Thumb Code    20  main.o(.text)
    main                                     0x080001c9   Thumb Code   572  main.o(.text)
    TimingDelay_Decrement                    0x08000405   Thumb Code    18  main.o(.text)
    round                                    0x08000417   Thumb Code    30  main.o(.text)
    mapValue                                 0x08000435   Thumb Code   118  main.o(.text)
    USART2_IRQHandler                        0x080004ab   Thumb Code   228  main.o(.text)
    NMI_Handler                              0x0800064d   Thumb Code     2  stm32f10x_it.o(.text)
    HardFault_Handler                        0x0800064f   Thumb Code     4  stm32f10x_it.o(.text)
    MemManage_Handler                        0x08000653   Thumb Code     4  stm32f10x_it.o(.text)
    BusFault_Handler                         0x08000657   Thumb Code     4  stm32f10x_it.o(.text)
    UsageFault_Handler                       0x0800065b   Thumb Code     4  stm32f10x_it.o(.text)
    SVC_Handler                              0x0800065f   Thumb Code     2  stm32f10x_it.o(.text)
    DebugMon_Handler                         0x08000661   Thumb Code     2  stm32f10x_it.o(.text)
    PendSV_Handler                           0x08000663   Thumb Code     2  stm32f10x_it.o(.text)
    SysTick_Handler                          0x08000665   Thumb Code    18  stm32f10x_it.o(.text)
    RTC_IRQHandler                           0x08000677   Thumb Code    28  stm32f10x_it.o(.text)
    EXTI15_10_IRQHandler                     0x08000693   Thumb Code     2  stm32f10x_it.o(.text)
    RCC_configuration                        0x0800069d   Thumb Code    76  configuration.o(.text)
    GPIO_configuration                       0x080006e9   Thumb Code   356  configuration.o(.text)
    ADC_configuration                        0x0800084d   Thumb Code   146  configuration.o(.text)
    SPI_configuration                        0x080008df   Thumb Code    86  configuration.o(.text)
    I2C_configuration                        0x08000935   Thumb Code    58  configuration.o(.text)
    RTC_configuration                        0x0800096f   Thumb Code     2  configuration.o(.text)
    NVIC_configuration                       0x08000971   Thumb Code    12  configuration.o(.text)
    Beep_configuration                       0x0800097d   Thumb Code   158  configuration.o(.text)
    DMA_configuration                        0x08000a1b   Thumb Code    76  configuration.o(.text)
    get_Poti1                                0x08000a67   Thumb Code     6  configuration.o(.text)
    get_Poti2                                0x08000a6d   Thumb Code     6  configuration.o(.text)
    RTC_initialisation                       0x08000aa1   Thumb Code    76  rtc.o(.text)
    readTemperatur                           0x08000aed   Thumb Code    68  lm75b.o(.text)
    glcd_spi_write                           0x08000b35   Thumb Code    58  display.o(.text)
    glcd_reset                               0x08000b6f   Thumb Code    42  display.o(.text)
    Display                                  0x08000b99   Thumb Code    26  display.o(.text)
    I2C_Configuration                        0x08000bc1   Thumb Code   180  i2c.o(.text)
    I2C_SetState                             0x08000c75   Thumb Code   286  i2c.o(.text)
    I2C_Read_n_byte                          0x08000d93   Thumb Code   304  i2c.o(.text)
    I2C_Read_1_byte                          0x08000ec3   Thumb Code    28  i2c.o(.text)
    I2C_Read_2_byte                          0x08000edf   Thumb Code    56  i2c.o(.text)
    I2C_Read_3_byte                          0x08000f17   Thumb Code    54  i2c.o(.text)
    I2C_GetState                             0x08000f4d   Thumb Code    28  i2c.o(.text)
    I2C_Write_n_byteNS                       0x08000f69   Thumb Code   314  i2c.o(.text)
    I2C_Write_n_byte                         0x080010a3   Thumb Code    46  i2c.o(.text)
    I2C_Write_1_byte                         0x080010d1   Thumb Code    20  i2c.o(.text)
    I2C_Write_2_byte                         0x080010e5   Thumb Code    32  i2c.o(.text)
    I2C_Write_3_byte                         0x08001105   Thumb Code    48  i2c.o(.text)
    I2C_Write_1_Read_1_byte                  0x08001135   Thumb Code    54  i2c.o(.text)
    I2C_Write_1_Read_2_byte                  0x0800116b   Thumb Code    82  i2c.o(.text)
    I2C_Write_1_Read_n_byte                  0x080011bd   Thumb Code    50  i2c.o(.text)
    fputc                                    0x080011f9   Thumb Code    14  retarget.o(.text)
    fgetc                                    0x08001207   Thumb Code    10  retarget.o(.text)
    ferror                                   0x08001211   Thumb Code     8  retarget.o(.text)
    _ttywrch                                 0x08001219   Thumb Code    12  retarget.o(.text)
    _sys_exit                                0x08001225   Thumb Code     4  retarget.o(.text)
    SER_Initialize                           0x08001229   Thumb Code   104  serial.o(.text)
    SER_PutChar                              0x08001291   Thumb Code    56  serial.o(.text)
    SER_GetChar                              0x080012c9   Thumb Code    24  serial.o(.text)
    UART_config                              0x080012e1   Thumb Code   140  serial.o(.text)
    UART_interrupt_config                    0x0800136d   Thumb Code    50  serial.o(.text)
    glcd_update_bbox                         0x080013b1   Thumb Code    92  glcd.o(.text)
    glcd_reset_bbox                          0x0800140d   Thumb Code    34  glcd.o(.text)
    glcd_bbox_reset                          0x0800142f   Thumb Code     8  glcd.o(.text)
    glcd_bbox_refresh                        0x08001437   Thumb Code    34  glcd.o(.text)
    glcd_clear                               0x08001459   Thumb Code    32  glcd.o(.text)
    glcd_clear_buffer                        0x08001479   Thumb Code    28  glcd.o(.text)
    glcd_select_screen                       0x08001495   Thumb Code    10  glcd.o(.text)
    glcd_scroll                              0x0800149f   Thumb Code    32  glcd.o(.text)
    glcd_scroll_line                         0x080014bf   Thumb Code    80  glcd.o(.text)
    glcd_set_pixel                           0x08001519   Thumb Code   152  graphics.o(.text)
    glcd_get_pixel                           0x080015b1   Thumb Code    60  graphics.o(.text)
    glcd_invert_pixel                        0x080015ed   Thumb Code    88  graphics.o(.text)
    glcd_draw_line                           0x08001645   Thumb Code   218  graphics.o(.text)
    glcd_fill_rect                           0x0800171f   Thumb Code    90  graphics.o(.text)
    glcd_draw_rect                           0x08001779   Thumb Code   122  graphics.o(.text)
    glcd_draw_rect_thick                     0x080017f3   Thumb Code   180  graphics.o(.text)
    glcd_draw_rect_shadow                    0x080018a7   Thumb Code   122  graphics.o(.text)
    glcd_draw_circle                         0x08001921   Thumb Code   310  graphics.o(.text)
    glcd_fill_circle                         0x08001a57   Thumb Code   256  graphics.o(.text)
    glcd_invert_area                         0x08001b57   Thumb Code    56  graphics.o(.text)
    glcd_draw_bitmap                         0x08001b8f   Thumb Code    24  graphics.o(.text)
    glcd_set_font                            0x08001bad   Thumb Code    24  text.o(.text)
    glcd_font                                0x08001bc5   Thumb Code    22  text.o(.text)
    glcd_draw_char_xy                        0x08001bdb   Thumb Code   698  text.o(.text)
    glcd_draw_string_xy                      0x08001e95   Thumb Code    58  text.o(.text)
    glcd_draw_string_xy_P                    0x08001ecf   Thumb Code    62  text.o(.text)
    glcd_tiny_set_font                       0x08001f11   Thumb Code    24  text_tiny.o(.text)
    glcd_tiny_draw_char                      0x08001f29   Thumb Code   172  text_tiny.o(.text)
    glcd_tiny_draw_string                    0x08001fd5   Thumb Code    88  text_tiny.o(.text)
    glcd_tiny_draw_string_P                  0x0800202d   Thumb Code    92  text_tiny.o(.text)
    glcd_tiny_draw_string_ammend             0x08002089   Thumb Code    24  text_tiny.o(.text)
    glcd_tiny_draw_string_ammend_P           0x080020a1   Thumb Code    24  text_tiny.o(.text)
    glcd_tiny_invert_line                    0x080020b9   Thumb Code    20  text_tiny.o(.text)
    glcd_tiny_draw_char_xy                   0x080020cd   Thumb Code   188  text_tiny.o(.text)
    glcd_command                             0x08002191   Thumb Code    22  st7565r.o(.text)
    glcd_data                                0x080021a7   Thumb Code    22  st7565r.o(.text)
    glcd_set_contrast                        0x080021bd   Thumb Code    30  st7565r.o(.text)
    glcd_power_down                          0x080021db   Thumb Code    28  st7565r.o(.text)
    glcd_power_up                            0x080021f7   Thumb Code    28  st7565r.o(.text)
    glcd_set_y_address                       0x08002213   Thumb Code    18  st7565r.o(.text)
    glcd_set_column_lower                    0x08002225   Thumb Code    14  st7565r.o(.text)
    glcd_set_column_upper                    0x08002233   Thumb Code    16  st7565r.o(.text)
    glcd_set_x_address                       0x08002243   Thumb Code    18  st7565r.o(.text)
    glcd_all_on                              0x08002255   Thumb Code    10  st7565r.o(.text)
    glcd_normal                              0x0800225f   Thumb Code    10  st7565r.o(.text)
    glcd_set_start_line                      0x08002269   Thumb Code    18  st7565r.o(.text)
    glcd_clear_now                           0x0800227b   Thumb Code    46  st7565r.o(.text)
    glcd_pattern                             0x080022a9   Thumb Code    82  st7565r.o(.text)
    glcd_write                               0x080022fb   Thumb Code   108  st7565r.o(.text)
    glcd_ST7565R_init                        0x08002367   Thumb Code    52  st7565r.o(.text)
    NVIC_PriorityGroupConfig                 0x080023a9   Thumb Code    10  misc.o(.text)
    NVIC_Init                                0x080023b3   Thumb Code   100  misc.o(.text)
    NVIC_SetVectorTable                      0x08002417   Thumb Code    14  misc.o(.text)
    NVIC_SystemLPConfig                      0x08002425   Thumb Code    34  misc.o(.text)
    SysTick_CLKSourceConfig                  0x08002447   Thumb Code    40  misc.o(.text)
    ADC_DeInit                               0x08002485   Thumb Code    78  stm32f10x_adc.o(.text)
    ADC_Init                                 0x080024d3   Thumb Code    70  stm32f10x_adc.o(.text)
    ADC_StructInit                           0x08002519   Thumb Code    18  stm32f10x_adc.o(.text)
    ADC_Cmd                                  0x0800252b   Thumb Code    22  stm32f10x_adc.o(.text)
    ADC_DMACmd                               0x08002541   Thumb Code    22  stm32f10x_adc.o(.text)
    ADC_ITConfig                             0x08002557   Thumb Code    24  stm32f10x_adc.o(.text)
    ADC_ResetCalibration                     0x0800256f   Thumb Code    10  stm32f10x_adc.o(.text)
    ADC_GetResetCalibrationStatus            0x08002579   Thumb Code    20  stm32f10x_adc.o(.text)
    ADC_StartCalibration                     0x0800258d   Thumb Code    10  stm32f10x_adc.o(.text)
    ADC_GetCalibrationStatus                 0x08002597   Thumb Code    20  stm32f10x_adc.o(.text)
    ADC_SoftwareStartConvCmd                 0x080025ab   Thumb Code    22  stm32f10x_adc.o(.text)
    ADC_GetSoftwareStartConvStatus           0x080025c1   Thumb Code    20  stm32f10x_adc.o(.text)
    ADC_DiscModeChannelCountConfig           0x080025d5   Thumb Code    24  stm32f10x_adc.o(.text)
    ADC_DiscModeCmd                          0x080025ed   Thumb Code    22  stm32f10x_adc.o(.text)
    ADC_RegularChannelConfig                 0x08002603   Thumb Code   184  stm32f10x_adc.o(.text)
    ADC_ExternalTrigConvCmd                  0x080026bb   Thumb Code    22  stm32f10x_adc.o(.text)
    ADC_GetConversionValue                   0x080026d1   Thumb Code     8  stm32f10x_adc.o(.text)
    ADC_GetDualModeConversionValue           0x080026d9   Thumb Code     8  stm32f10x_adc.o(.text)
    ADC_AutoInjectedConvCmd                  0x080026e1   Thumb Code    22  stm32f10x_adc.o(.text)
    ADC_InjectedDiscModeCmd                  0x080026f7   Thumb Code    22  stm32f10x_adc.o(.text)
    ADC_ExternalTrigInjectedConvConfig       0x0800270d   Thumb Code    16  stm32f10x_adc.o(.text)
    ADC_ExternalTrigInjectedConvCmd          0x0800271d   Thumb Code    22  stm32f10x_adc.o(.text)
    ADC_SoftwareStartInjectedConvCmd         0x08002733   Thumb Code    22  stm32f10x_adc.o(.text)
    ADC_GetSoftwareStartInjectedConvCmdStatus 0x08002749   Thumb Code    20  stm32f10x_adc.o(.text)
    ADC_InjectedChannelConfig                0x0800275d   Thumb Code   130  stm32f10x_adc.o(.text)
    ADC_InjectedSequencerLengthConfig        0x080027df   Thumb Code    24  stm32f10x_adc.o(.text)
    ADC_SetInjectedOffset                    0x080027f7   Thumb Code    20  stm32f10x_adc.o(.text)
    ADC_GetInjectedConversionValue           0x0800280b   Thumb Code    28  stm32f10x_adc.o(.text)
    ADC_AnalogWatchdogCmd                    0x08002827   Thumb Code    16  stm32f10x_adc.o(.text)
    ADC_AnalogWatchdogThresholdsConfig       0x08002837   Thumb Code     6  stm32f10x_adc.o(.text)
    ADC_AnalogWatchdogSingleChannelConfig    0x0800283d   Thumb Code    16  stm32f10x_adc.o(.text)
    ADC_TempSensorVrefintCmd                 0x0800284d   Thumb Code    64  stm32f10x_adc.o(.text)
    ADC_GetFlagStatus                        0x0800288d   Thumb Code    18  stm32f10x_adc.o(.text)
    ADC_ClearFlag                            0x0800289f   Thumb Code     6  stm32f10x_adc.o(.text)
    ADC_GetITStatus                          0x080028a5   Thumb Code    36  stm32f10x_adc.o(.text)
    ADC_ClearITPendingBit                    0x080028c9   Thumb Code    10  stm32f10x_adc.o(.text)
    BKP_DeInit                               0x080028d5   Thumb Code    16  stm32f10x_bkp.o(.text)
    BKP_TamperPinLevelConfig                 0x080028e5   Thumb Code     6  stm32f10x_bkp.o(.text)
    BKP_TamperPinCmd                         0x080028eb   Thumb Code     8  stm32f10x_bkp.o(.text)
    BKP_ITConfig                             0x080028f3   Thumb Code     8  stm32f10x_bkp.o(.text)
    BKP_RTCOutputConfig                      0x080028fb   Thumb Code    22  stm32f10x_bkp.o(.text)
    BKP_SetRTCCalibrationValue               0x08002911   Thumb Code    22  stm32f10x_bkp.o(.text)
    BKP_WriteBackupRegister                  0x08002927   Thumb Code    24  stm32f10x_bkp.o(.text)
    BKP_ReadBackupRegister                   0x0800293f   Thumb Code    26  stm32f10x_bkp.o(.text)
    BKP_GetFlagStatus                        0x08002959   Thumb Code    10  stm32f10x_bkp.o(.text)
    BKP_ClearFlag                            0x08002963   Thumb Code    18  stm32f10x_bkp.o(.text)
    BKP_GetITStatus                          0x08002975   Thumb Code    10  stm32f10x_bkp.o(.text)
    BKP_ClearITPendingBit                    0x0800297f   Thumb Code    18  stm32f10x_bkp.o(.text)
    DMA_DeInit                               0x08002999   Thumb Code   324  stm32f10x_dma.o(.text)
    DMA_Init                                 0x08002add   Thumb Code    60  stm32f10x_dma.o(.text)
    DMA_StructInit                           0x08002b19   Thumb Code    26  stm32f10x_dma.o(.text)
    DMA_Cmd                                  0x08002b33   Thumb Code    24  stm32f10x_dma.o(.text)
    DMA_ITConfig                             0x08002b4b   Thumb Code    18  stm32f10x_dma.o(.text)
    DMA_SetCurrDataCounter                   0x08002b5d   Thumb Code     4  stm32f10x_dma.o(.text)
    DMA_GetCurrDataCounter                   0x08002b61   Thumb Code     8  stm32f10x_dma.o(.text)
    DMA_GetFlagStatus                        0x08002b69   Thumb Code    40  stm32f10x_dma.o(.text)
    DMA_ClearFlag                            0x08002b91   Thumb Code    22  stm32f10x_dma.o(.text)
    DMA_GetITStatus                          0x08002ba7   Thumb Code    40  stm32f10x_dma.o(.text)
    DMA_ClearITPendingBit                    0x08002bcf   Thumb Code    22  stm32f10x_dma.o(.text)
    GPIO_DeInit                              0x08002bed   Thumb Code   172  stm32f10x_gpio.o(.text)
    GPIO_AFIODeInit                          0x08002c99   Thumb Code    20  stm32f10x_gpio.o(.text)
    GPIO_Init                                0x08002cad   Thumb Code   278  stm32f10x_gpio.o(.text)
    GPIO_StructInit                          0x08002dc3   Thumb Code    16  stm32f10x_gpio.o(.text)
    GPIO_ReadInputDataBit                    0x08002dd3   Thumb Code    18  stm32f10x_gpio.o(.text)
    GPIO_ReadInputData                       0x08002de5   Thumb Code     8  stm32f10x_gpio.o(.text)
    GPIO_ReadOutputDataBit                   0x08002ded   Thumb Code    18  stm32f10x_gpio.o(.text)
    GPIO_ReadOutputData                      0x08002dff   Thumb Code     8  stm32f10x_gpio.o(.text)
    GPIO_SetBits                             0x08002e07   Thumb Code     4  stm32f10x_gpio.o(.text)
    GPIO_ResetBits                           0x08002e0b   Thumb Code     4  stm32f10x_gpio.o(.text)
    GPIO_WriteBit                            0x08002e0f   Thumb Code    10  stm32f10x_gpio.o(.text)
    GPIO_Write                               0x08002e19   Thumb Code     4  stm32f10x_gpio.o(.text)
    GPIO_PinLockConfig                       0x08002e1d   Thumb Code    18  stm32f10x_gpio.o(.text)
    GPIO_EventOutputConfig                   0x08002e2f   Thumb Code    26  stm32f10x_gpio.o(.text)
    GPIO_EventOutputCmd                      0x08002e49   Thumb Code     6  stm32f10x_gpio.o(.text)
    GPIO_PinRemapConfig                      0x08002e4f   Thumb Code   138  stm32f10x_gpio.o(.text)
    GPIO_EXTILineConfig                      0x08002ed9   Thumb Code    66  stm32f10x_gpio.o(.text)
    GPIO_ETH_MediaInterfaceConfig            0x08002f1b   Thumb Code     8  stm32f10x_gpio.o(.text)
    I2C_DeInit                               0x08002f49   Thumb Code    50  stm32f10x_i2c.o(.text)
    I2C_Init                                 0x08002f7b   Thumb Code   222  stm32f10x_i2c.o(.text)
    I2C_StructInit                           0x08003059   Thumb Code    30  stm32f10x_i2c.o(.text)
    I2C_Cmd                                  0x08003077   Thumb Code    24  stm32f10x_i2c.o(.text)
    I2C_DMACmd                               0x0800308f   Thumb Code    24  stm32f10x_i2c.o(.text)
    I2C_DMALastTransferCmd                   0x080030a7   Thumb Code    24  stm32f10x_i2c.o(.text)
    I2C_GenerateSTART                        0x080030bf   Thumb Code    24  stm32f10x_i2c.o(.text)
    I2C_GenerateSTOP                         0x080030d7   Thumb Code    24  stm32f10x_i2c.o(.text)
    I2C_AcknowledgeConfig                    0x080030ef   Thumb Code    24  stm32f10x_i2c.o(.text)
    I2C_OwnAddress2Config                    0x08003107   Thumb Code    22  stm32f10x_i2c.o(.text)
    I2C_DualAddressCmd                       0x0800311d   Thumb Code    24  stm32f10x_i2c.o(.text)
    I2C_GeneralCallCmd                       0x08003135   Thumb Code    24  stm32f10x_i2c.o(.text)
    I2C_ITConfig                             0x0800314d   Thumb Code    18  stm32f10x_i2c.o(.text)
    I2C_SendData                             0x0800315f   Thumb Code     4  stm32f10x_i2c.o(.text)
    I2C_ReceiveData                          0x08003163   Thumb Code     8  stm32f10x_i2c.o(.text)
    I2C_Send7bitAddress                      0x0800316b   Thumb Code    18  stm32f10x_i2c.o(.text)
    I2C_ReadRegister                         0x0800317d   Thumb Code    22  stm32f10x_i2c.o(.text)
    I2C_SoftwareResetCmd                     0x08003193   Thumb Code    22  stm32f10x_i2c.o(.text)
    I2C_NACKPositionConfig                   0x080031a9   Thumb Code    28  stm32f10x_i2c.o(.text)
    I2C_SMBusAlertConfig                     0x080031c5   Thumb Code    28  stm32f10x_i2c.o(.text)
    I2C_TransmitPEC                          0x080031e1   Thumb Code    24  stm32f10x_i2c.o(.text)
    I2C_PECPositionConfig                    0x080031f9   Thumb Code    28  stm32f10x_i2c.o(.text)
    I2C_CalculatePEC                         0x08003215   Thumb Code    24  stm32f10x_i2c.o(.text)
    I2C_GetPEC                               0x0800322d   Thumb Code     8  stm32f10x_i2c.o(.text)
    I2C_ARPCmd                               0x08003235   Thumb Code    24  stm32f10x_i2c.o(.text)
    I2C_StretchClockCmd                      0x0800324d   Thumb Code    24  stm32f10x_i2c.o(.text)
    I2C_FastModeDutyCycleConfig              0x08003265   Thumb Code    28  stm32f10x_i2c.o(.text)
    I2C_CheckEvent                           0x08003281   Thumb Code    42  stm32f10x_i2c.o(.text)
    I2C_GetLastEvent                         0x080032ab   Thumb Code    26  stm32f10x_i2c.o(.text)
    I2C_GetFlagStatus                        0x080032c5   Thumb Code    58  stm32f10x_i2c.o(.text)
    I2C_ClearFlag                            0x080032ff   Thumb Code    12  stm32f10x_i2c.o(.text)
    I2C_GetITStatus                          0x0800330b   Thumb Code    54  stm32f10x_i2c.o(.text)
    I2C_ClearITPendingBit                    0x08003341   Thumb Code    12  stm32f10x_i2c.o(.text)
    RCC_DeInit                               0x0800334d   Thumb Code    64  stm32f10x_rcc.o(.text)
    RCC_HSEConfig                            0x0800338d   Thumb Code    70  stm32f10x_rcc.o(.text)
    RCC_GetFlagStatus                        0x080033d3   Thumb Code    56  stm32f10x_rcc.o(.text)
    RCC_WaitForHSEStartUp                    0x0800340b   Thumb Code    56  stm32f10x_rcc.o(.text)
    RCC_AdjustHSICalibrationValue            0x08003443   Thumb Code    20  stm32f10x_rcc.o(.text)
    RCC_HSICmd                               0x08003457   Thumb Code     6  stm32f10x_rcc.o(.text)
    RCC_PLLConfig                            0x0800345d   Thumb Code    24  stm32f10x_rcc.o(.text)
    RCC_PLLCmd                               0x08003475   Thumb Code     6  stm32f10x_rcc.o(.text)
    RCC_SYSCLKConfig                         0x0800347b   Thumb Code    18  stm32f10x_rcc.o(.text)
    RCC_GetSYSCLKSource                      0x0800348d   Thumb Code    10  stm32f10x_rcc.o(.text)
    RCC_HCLKConfig                           0x08003497   Thumb Code    18  stm32f10x_rcc.o(.text)
    RCC_PCLK1Config                          0x080034a9   Thumb Code    18  stm32f10x_rcc.o(.text)
    RCC_PCLK2Config                          0x080034bb   Thumb Code    20  stm32f10x_rcc.o(.text)
    RCC_ITConfig                             0x080034cf   Thumb Code    26  stm32f10x_rcc.o(.text)
    RCC_USBCLKConfig                         0x080034e9   Thumb Code     8  stm32f10x_rcc.o(.text)
    RCC_ADCCLKConfig                         0x080034f1   Thumb Code    18  stm32f10x_rcc.o(.text)
    RCC_LSEConfig                            0x08003503   Thumb Code    50  stm32f10x_rcc.o(.text)
    RCC_LSICmd                               0x08003535   Thumb Code     6  stm32f10x_rcc.o(.text)
    RCC_RTCCLKConfig                         0x0800353b   Thumb Code    12  stm32f10x_rcc.o(.text)
    RCC_RTCCLKCmd                            0x08003547   Thumb Code     8  stm32f10x_rcc.o(.text)
    RCC_GetClocksFreq                        0x0800354f   Thumb Code   192  stm32f10x_rcc.o(.text)
    RCC_AHBPeriphClockCmd                    0x0800360f   Thumb Code    26  stm32f10x_rcc.o(.text)
    RCC_APB2PeriphClockCmd                   0x08003629   Thumb Code    26  stm32f10x_rcc.o(.text)
    RCC_APB1PeriphClockCmd                   0x08003643   Thumb Code    26  stm32f10x_rcc.o(.text)
    RCC_APB2PeriphResetCmd                   0x0800365d   Thumb Code    26  stm32f10x_rcc.o(.text)
    RCC_APB1PeriphResetCmd                   0x08003677   Thumb Code    26  stm32f10x_rcc.o(.text)
    RCC_BackupResetCmd                       0x08003691   Thumb Code     8  stm32f10x_rcc.o(.text)
    RCC_ClockSecuritySystemCmd               0x08003699   Thumb Code     6  stm32f10x_rcc.o(.text)
    RCC_MCOConfig                            0x0800369f   Thumb Code     6  stm32f10x_rcc.o(.text)
    RCC_ClearFlag                            0x080036a5   Thumb Code    14  stm32f10x_rcc.o(.text)
    RCC_GetITStatus                          0x080036b3   Thumb Code    20  stm32f10x_rcc.o(.text)
    RCC_ClearITPendingBit                    0x080036c7   Thumb Code     6  stm32f10x_rcc.o(.text)
    RTC_ITConfig                             0x080036f1   Thumb Code    26  stm32f10x_rtc.o(.text)
    RTC_EnterConfigMode                      0x0800370b   Thumb Code    18  stm32f10x_rtc.o(.text)
    RTC_ExitConfigMode                       0x0800371d   Thumb Code    20  stm32f10x_rtc.o(.text)
    RTC_GetCounter                           0x08003731   Thumb Code    18  stm32f10x_rtc.o(.text)
    RTC_SetCounter                           0x08003743   Thumb Code    26  stm32f10x_rtc.o(.text)
    RTC_SetPrescaler                         0x0800375d   Thumb Code    28  stm32f10x_rtc.o(.text)
    RTC_SetAlarm                             0x08003779   Thumb Code    26  stm32f10x_rtc.o(.text)
    RTC_GetDivider                           0x08003793   Thumb Code    22  stm32f10x_rtc.o(.text)
    RTC_WaitForLastTask                      0x080037a9   Thumb Code    18  stm32f10x_rtc.o(.text)
    RTC_WaitForSynchro                       0x080037bb   Thumb Code    36  stm32f10x_rtc.o(.text)
    RTC_GetFlagStatus                        0x080037df   Thumb Code    22  stm32f10x_rtc.o(.text)
    RTC_ClearFlag                            0x080037f5   Thumb Code    16  stm32f10x_rtc.o(.text)
    RTC_GetITStatus                          0x08003805   Thumb Code    32  stm32f10x_rtc.o(.text)
    RTC_ClearITPendingBit                    0x08003825   Thumb Code    16  stm32f10x_rtc.o(.text)
    SPI_I2S_DeInit                           0x08003839   Thumb Code    76  stm32f10x_spi.o(.text)
    SPI_Init                                 0x08003885   Thumb Code    60  stm32f10x_spi.o(.text)
    I2S_Init                                 0x080038c1   Thumb Code   226  stm32f10x_spi.o(.text)
    SPI_StructInit                           0x080039a3   Thumb Code    24  stm32f10x_spi.o(.text)
    I2S_StructInit                           0x080039bb   Thumb Code    20  stm32f10x_spi.o(.text)
    SPI_Cmd                                  0x080039cf   Thumb Code    24  stm32f10x_spi.o(.text)
    I2S_Cmd                                  0x080039e7   Thumb Code    24  stm32f10x_spi.o(.text)
    SPI_I2S_ITConfig                         0x080039ff   Thumb Code    32  stm32f10x_spi.o(.text)
    SPI_I2S_DMACmd                           0x08003a1f   Thumb Code    18  stm32f10x_spi.o(.text)
    SPI_I2S_SendData                         0x08003a31   Thumb Code     4  stm32f10x_spi.o(.text)
    SPI_I2S_ReceiveData                      0x08003a35   Thumb Code     6  stm32f10x_spi.o(.text)
    SPI_NSSInternalSoftwareConfig            0x08003a3b   Thumb Code    30  stm32f10x_spi.o(.text)
    SPI_SSOutputCmd                          0x08003a59   Thumb Code    24  stm32f10x_spi.o(.text)
    SPI_DataSizeConfig                       0x08003a71   Thumb Code    18  stm32f10x_spi.o(.text)
    SPI_TransmitCRC                          0x08003a83   Thumb Code    10  stm32f10x_spi.o(.text)
    SPI_CalculateCRC                         0x08003a8d   Thumb Code    24  stm32f10x_spi.o(.text)
    SPI_GetCRC                               0x08003aa5   Thumb Code    16  stm32f10x_spi.o(.text)
    SPI_GetCRCPolynomial                     0x08003ab5   Thumb Code     6  stm32f10x_spi.o(.text)
    SPI_BiDirectionalLineConfig              0x08003abb   Thumb Code    28  stm32f10x_spi.o(.text)
    SPI_I2S_GetFlagStatus                    0x08003ad7   Thumb Code    18  stm32f10x_spi.o(.text)
    SPI_I2S_ClearFlag                        0x08003ae9   Thumb Code     6  stm32f10x_spi.o(.text)
    SPI_I2S_GetITStatus                      0x08003aef   Thumb Code    52  stm32f10x_spi.o(.text)
    SPI_I2S_ClearITPendingBit                0x08003b23   Thumb Code    20  stm32f10x_spi.o(.text)
    TIM_DeInit                               0x08003b45   Thumb Code   424  stm32f10x_tim.o(.text)
    TIM_TimeBaseInit                         0x08003ced   Thumb Code   122  stm32f10x_tim.o(.text)
    TIM_OC1Init                              0x08003d67   Thumb Code   132  stm32f10x_tim.o(.text)
    TIM_OC2Init                              0x08003deb   Thumb Code   154  stm32f10x_tim.o(.text)
    TIM_OC3Init                              0x08003e85   Thumb Code   150  stm32f10x_tim.o(.text)
    TIM_OC4Init                              0x08003f1b   Thumb Code   182  stm32f10x_tim.o(.text)
    TIM_SetIC4Prescaler                      0x08003fd1   Thumb Code    26  stm32f10x_tim.o(.text)
    TIM_SetIC3Prescaler                      0x0800406d   Thumb Code    18  stm32f10x_tim.o(.text)
    TIM_SetIC2Prescaler                      0x080040f9   Thumb Code    26  stm32f10x_tim.o(.text)
    TIM_SetIC1Prescaler                      0x08004195   Thumb Code    18  stm32f10x_tim.o(.text)
    TIM_ICInit                               0x08004213   Thumb Code   150  stm32f10x_tim.o(.text)
    TIM_PWMIConfig                           0x080042a9   Thumb Code   124  stm32f10x_tim.o(.text)
    TIM_BDTRConfig                           0x08004325   Thumb Code    32  stm32f10x_tim.o(.text)
    TIM_TimeBaseStructInit                   0x08004345   Thumb Code    18  stm32f10x_tim.o(.text)
    TIM_OCStructInit                         0x08004357   Thumb Code    20  stm32f10x_tim.o(.text)
    TIM_ICStructInit                         0x0800436b   Thumb Code    18  stm32f10x_tim.o(.text)
    TIM_BDTRStructInit                       0x0800437d   Thumb Code    40  stm32f10x_tim.o(.text)
    TIM_Cmd                                  0x080043a5   Thumb Code    24  stm32f10x_tim.o(.text)
    TIM_CtrlPWMOutputs                       0x080043bd   Thumb Code    30  stm32f10x_tim.o(.text)
    TIM_ITConfig                             0x080043db   Thumb Code    18  stm32f10x_tim.o(.text)
    TIM_GenerateEvent                        0x080043ed   Thumb Code     4  stm32f10x_tim.o(.text)
    TIM_DMAConfig                            0x080043f1   Thumb Code    10  stm32f10x_tim.o(.text)
    TIM_DMACmd                               0x080043fb   Thumb Code    18  stm32f10x_tim.o(.text)
    TIM_InternalClockConfig                  0x0800440d   Thumb Code    12  stm32f10x_tim.o(.text)
    TIM_SelectInputTrigger                   0x08004419   Thumb Code    18  stm32f10x_tim.o(.text)
    TIM_ITRxExternalClockConfig              0x0800442b   Thumb Code    24  stm32f10x_tim.o(.text)
    TIM_TIxExternalClockConfig               0x08004443   Thumb Code    62  stm32f10x_tim.o(.text)
    TIM_ETRConfig                            0x08004481   Thumb Code    28  stm32f10x_tim.o(.text)
    TIM_ETRClockMode1Config                  0x0800449d   Thumb Code    54  stm32f10x_tim.o(.text)
    TIM_ETRClockMode2Config                  0x080044d3   Thumb Code    32  stm32f10x_tim.o(.text)
    TIM_PrescalerConfig                      0x080044f3   Thumb Code     6  stm32f10x_tim.o(.text)
    TIM_CounterModeConfig                    0x080044f9   Thumb Code    18  stm32f10x_tim.o(.text)
    TIM_EncoderInterfaceConfig               0x0800450b   Thumb Code    66  stm32f10x_tim.o(.text)
    TIM_ForcedOC1Config                      0x0800454d   Thumb Code    18  stm32f10x_tim.o(.text)
    TIM_ForcedOC2Config                      0x0800455f   Thumb Code    26  stm32f10x_tim.o(.text)
    TIM_ForcedOC3Config                      0x08004579   Thumb Code    18  stm32f10x_tim.o(.text)
    TIM_ForcedOC4Config                      0x0800458b   Thumb Code    26  stm32f10x_tim.o(.text)
    TIM_ARRPreloadConfig                     0x080045a5   Thumb Code    24  stm32f10x_tim.o(.text)
    TIM_SelectCOM                            0x080045bd   Thumb Code    24  stm32f10x_tim.o(.text)
    TIM_SelectCCDMA                          0x080045d5   Thumb Code    24  stm32f10x_tim.o(.text)
    TIM_CCPreloadControl                     0x080045ed   Thumb Code    24  stm32f10x_tim.o(.text)
    TIM_OC1PreloadConfig                     0x08004605   Thumb Code    18  stm32f10x_tim.o(.text)
    TIM_OC2PreloadConfig                     0x08004617   Thumb Code    26  stm32f10x_tim.o(.text)
    TIM_OC3PreloadConfig                     0x08004631   Thumb Code    18  stm32f10x_tim.o(.text)
    TIM_OC4PreloadConfig                     0x08004643   Thumb Code    26  stm32f10x_tim.o(.text)
    TIM_OC1FastConfig                        0x0800465d   Thumb Code    18  stm32f10x_tim.o(.text)
    TIM_OC2FastConfig                        0x0800466f   Thumb Code    26  stm32f10x_tim.o(.text)
    TIM_OC3FastConfig                        0x08004689   Thumb Code    18  stm32f10x_tim.o(.text)
    TIM_OC4FastConfig                        0x0800469b   Thumb Code    26  stm32f10x_tim.o(.text)
    TIM_ClearOC1Ref                          0x080046b5   Thumb Code    18  stm32f10x_tim.o(.text)
    TIM_ClearOC2Ref                          0x080046c7   Thumb Code    24  stm32f10x_tim.o(.text)
    TIM_ClearOC3Ref                          0x080046df   Thumb Code    18  stm32f10x_tim.o(.text)
    TIM_ClearOC4Ref                          0x080046f1   Thumb Code    24  stm32f10x_tim.o(.text)
    TIM_OC1PolarityConfig                    0x08004709   Thumb Code    18  stm32f10x_tim.o(.text)
    TIM_OC1NPolarityConfig                   0x0800471b   Thumb Code    18  stm32f10x_tim.o(.text)
    TIM_OC2PolarityConfig                    0x0800472d   Thumb Code    26  stm32f10x_tim.o(.text)
    TIM_OC2NPolarityConfig                   0x08004747   Thumb Code    26  stm32f10x_tim.o(.text)
    TIM_OC3PolarityConfig                    0x08004761   Thumb Code    26  stm32f10x_tim.o(.text)
    TIM_OC3NPolarityConfig                   0x0800477b   Thumb Code    26  stm32f10x_tim.o(.text)
    TIM_OC4PolarityConfig                    0x08004795   Thumb Code    26  stm32f10x_tim.o(.text)
    TIM_CCxCmd                               0x080047af   Thumb Code    30  stm32f10x_tim.o(.text)
    TIM_CCxNCmd                              0x080047cd   Thumb Code    30  stm32f10x_tim.o(.text)
    TIM_SelectOCxM                           0x080047eb   Thumb Code    82  stm32f10x_tim.o(.text)
    TIM_UpdateDisableConfig                  0x0800483d   Thumb Code    24  stm32f10x_tim.o(.text)
    TIM_UpdateRequestConfig                  0x08004855   Thumb Code    24  stm32f10x_tim.o(.text)
    TIM_SelectHallSensor                     0x0800486d   Thumb Code    24  stm32f10x_tim.o(.text)
    TIM_SelectOnePulseMode                   0x08004885   Thumb Code    18  stm32f10x_tim.o(.text)
    TIM_SelectOutputTrigger                  0x08004897   Thumb Code    18  stm32f10x_tim.o(.text)
    TIM_SelectSlaveMode                      0x080048a9   Thumb Code    18  stm32f10x_tim.o(.text)
    TIM_SelectMasterSlaveMode                0x080048bb   Thumb Code    18  stm32f10x_tim.o(.text)
    TIM_SetCounter                           0x080048cd   Thumb Code     4  stm32f10x_tim.o(.text)
    TIM_SetAutoreload                        0x080048d1   Thumb Code     4  stm32f10x_tim.o(.text)
    TIM_SetCompare1                          0x080048d5   Thumb Code     4  stm32f10x_tim.o(.text)
    TIM_SetCompare2                          0x080048d9   Thumb Code     4  stm32f10x_tim.o(.text)
    TIM_SetCompare3                          0x080048dd   Thumb Code     4  stm32f10x_tim.o(.text)
    TIM_SetCompare4                          0x080048e1   Thumb Code     6  stm32f10x_tim.o(.text)
    TIM_SetClockDivision                     0x080048e7   Thumb Code    18  stm32f10x_tim.o(.text)
    TIM_GetCapture1                          0x080048f9   Thumb Code     6  stm32f10x_tim.o(.text)
    TIM_GetCapture2                          0x080048ff   Thumb Code     6  stm32f10x_tim.o(.text)
    TIM_GetCapture3                          0x08004905   Thumb Code     6  stm32f10x_tim.o(.text)
    TIM_GetCapture4                          0x0800490b   Thumb Code     8  stm32f10x_tim.o(.text)
    TIM_GetCounter                           0x08004913   Thumb Code     6  stm32f10x_tim.o(.text)
    TIM_GetPrescaler                         0x08004919   Thumb Code     6  stm32f10x_tim.o(.text)
    TIM_GetFlagStatus                        0x0800491f   Thumb Code    18  stm32f10x_tim.o(.text)
    TIM_ClearFlag                            0x08004931   Thumb Code     6  stm32f10x_tim.o(.text)
    TIM_GetITStatus                          0x08004937   Thumb Code    34  stm32f10x_tim.o(.text)
    TIM_ClearITPendingBit                    0x08004959   Thumb Code     6  stm32f10x_tim.o(.text)
    USART_DeInit                             0x08004961   Thumb Code   134  stm32f10x_usart.o(.text)
    USART_Init                               0x080049e7   Thumb Code   210  stm32f10x_usart.o(.text)
    USART_StructInit                         0x08004ab9   Thumb Code    24  stm32f10x_usart.o(.text)
    USART_ClockInit                          0x08004ad1   Thumb Code    34  stm32f10x_usart.o(.text)
    USART_ClockStructInit                    0x08004af3   Thumb Code    12  stm32f10x_usart.o(.text)
    USART_Cmd                                0x08004aff   Thumb Code    24  stm32f10x_usart.o(.text)
    USART_ITConfig                           0x08004b17   Thumb Code    74  stm32f10x_usart.o(.text)
    USART_DMACmd                             0x08004b61   Thumb Code    18  stm32f10x_usart.o(.text)
    USART_SetAddress                         0x08004b73   Thumb Code    18  stm32f10x_usart.o(.text)
    USART_WakeUpConfig                       0x08004b85   Thumb Code    18  stm32f10x_usart.o(.text)
    USART_ReceiverWakeUpCmd                  0x08004b97   Thumb Code    24  stm32f10x_usart.o(.text)
    USART_LINBreakDetectLengthConfig         0x08004baf   Thumb Code    18  stm32f10x_usart.o(.text)
    USART_LINCmd                             0x08004bc1   Thumb Code    24  stm32f10x_usart.o(.text)
    USART_SendData                           0x08004bd9   Thumb Code     8  stm32f10x_usart.o(.text)
    USART_ReceiveData                        0x08004be1   Thumb Code    10  stm32f10x_usart.o(.text)
    USART_SendBreak                          0x08004beb   Thumb Code    10  stm32f10x_usart.o(.text)
    USART_SetGuardTime                       0x08004bf5   Thumb Code    16  stm32f10x_usart.o(.text)
    USART_SetPrescaler                       0x08004c05   Thumb Code    16  stm32f10x_usart.o(.text)
    USART_SmartCardCmd                       0x08004c15   Thumb Code    24  stm32f10x_usart.o(.text)
    USART_SmartCardNACKCmd                   0x08004c2d   Thumb Code    24  stm32f10x_usart.o(.text)
    USART_HalfDuplexCmd                      0x08004c45   Thumb Code    24  stm32f10x_usart.o(.text)
    USART_OverSampling8Cmd                   0x08004c5d   Thumb Code    22  stm32f10x_usart.o(.text)
    USART_OneBitMethodCmd                    0x08004c73   Thumb Code    24  stm32f10x_usart.o(.text)
    USART_IrDAConfig                         0x08004c8b   Thumb Code    18  stm32f10x_usart.o(.text)
    USART_IrDACmd                            0x08004c9d   Thumb Code    24  stm32f10x_usart.o(.text)
    USART_GetFlagStatus                      0x08004cb5   Thumb Code    26  stm32f10x_usart.o(.text)
    USART_ClearFlag                          0x08004ccf   Thumb Code    18  stm32f10x_usart.o(.text)
    USART_GetITStatus                        0x08004ce1   Thumb Code    84  stm32f10x_usart.o(.text)
    USART_ClearITPendingBit                  0x08004d35   Thumb Code    52  stm32f10x_usart.o(.text)
    Reset_Handler                            0x08004d69   Thumb Code     8  startup_stm32f10x_md.o(.text)
    ADC1_2_IRQHandler                        0x08004d83   Thumb Code     0  startup_stm32f10x_md.o(.text)
    CAN1_RX1_IRQHandler                      0x08004d83   Thumb Code     0  startup_stm32f10x_md.o(.text)
    CAN1_SCE_IRQHandler                      0x08004d83   Thumb Code     0  startup_stm32f10x_md.o(.text)
    DMA1_Channel1_IRQHandler                 0x08004d83   Thumb Code     0  startup_stm32f10x_md.o(.text)
    DMA1_Channel2_IRQHandler                 0x08004d83   Thumb Code     0  startup_stm32f10x_md.o(.text)
    DMA1_Channel3_IRQHandler                 0x08004d83   Thumb Code     0  startup_stm32f10x_md.o(.text)
    DMA1_Channel4_IRQHandler                 0x08004d83   Thumb Code     0  startup_stm32f10x_md.o(.text)
    DMA1_Channel5_IRQHandler                 0x08004d83   Thumb Code     0  startup_stm32f10x_md.o(.text)
    DMA1_Channel6_IRQHandler                 0x08004d83   Thumb Code     0  startup_stm32f10x_md.o(.text)
    DMA1_Channel7_IRQHandler                 0x08004d83   Thumb Code     0  startup_stm32f10x_md.o(.text)
    EXTI0_IRQHandler                         0x08004d83   Thumb Code     0  startup_stm32f10x_md.o(.text)
    EXTI1_IRQHandler                         0x08004d83   Thumb Code     0  startup_stm32f10x_md.o(.text)
    EXTI2_IRQHandler                         0x08004d83   Thumb Code     0  startup_stm32f10x_md.o(.text)
    EXTI3_IRQHandler                         0x08004d83   Thumb Code     0  startup_stm32f10x_md.o(.text)
    EXTI4_IRQHandler                         0x08004d83   Thumb Code     0  startup_stm32f10x_md.o(.text)
    EXTI9_5_IRQHandler                       0x08004d83   Thumb Code     0  startup_stm32f10x_md.o(.text)
    FLASH_IRQHandler                         0x08004d83   Thumb Code     0  startup_stm32f10x_md.o(.text)
    I2C1_ER_IRQHandler                       0x08004d83   Thumb Code     0  startup_stm32f10x_md.o(.text)
    I2C1_EV_IRQHandler                       0x08004d83   Thumb Code     0  startup_stm32f10x_md.o(.text)
    I2C2_ER_IRQHandler                       0x08004d83   Thumb Code     0  startup_stm32f10x_md.o(.text)
    I2C2_EV_IRQHandler                       0x08004d83   Thumb Code     0  startup_stm32f10x_md.o(.text)
    PVD_IRQHandler                           0x08004d83   Thumb Code     0  startup_stm32f10x_md.o(.text)
    RCC_IRQHandler                           0x08004d83   Thumb Code     0  startup_stm32f10x_md.o(.text)
    RTCAlarm_IRQHandler                      0x08004d83   Thumb Code     0  startup_stm32f10x_md.o(.text)
    SPI1_IRQHandler                          0x08004d83   Thumb Code     0  startup_stm32f10x_md.o(.text)
    SPI2_IRQHandler                          0x08004d83   Thumb Code     0  startup_stm32f10x_md.o(.text)
    TAMPER_IRQHandler                        0x08004d83   Thumb Code     0  startup_stm32f10x_md.o(.text)
    TIM1_BRK_IRQHandler                      0x08004d83   Thumb Code     0  startup_stm32f10x_md.o(.text)
    TIM1_CC_IRQHandler                       0x08004d83   Thumb Code     0  startup_stm32f10x_md.o(.text)
    TIM1_TRG_COM_IRQHandler                  0x08004d83   Thumb Code     0  startup_stm32f10x_md.o(.text)
    TIM1_UP_IRQHandler                       0x08004d83   Thumb Code     0  startup_stm32f10x_md.o(.text)
    TIM2_IRQHandler                          0x08004d83   Thumb Code     0  startup_stm32f10x_md.o(.text)
    TIM3_IRQHandler                          0x08004d83   Thumb Code     0  startup_stm32f10x_md.o(.text)
    TIM4_IRQHandler                          0x08004d83   Thumb Code     0  startup_stm32f10x_md.o(.text)
    USART1_IRQHandler                        0x08004d83   Thumb Code     0  startup_stm32f10x_md.o(.text)
    USART3_IRQHandler                        0x08004d83   Thumb Code     0  startup_stm32f10x_md.o(.text)
    USBWakeUp_IRQHandler                     0x08004d83   Thumb Code     0  startup_stm32f10x_md.o(.text)
    USB_HP_CAN1_TX_IRQHandler                0x08004d83   Thumb Code     0  startup_stm32f10x_md.o(.text)
    USB_LP_CAN1_RX0_IRQHandler               0x08004d83   Thumb Code     0  startup_stm32f10x_md.o(.text)
    WWDG_IRQHandler                          0x08004d83   Thumb Code     0  startup_stm32f10x_md.o(.text)
    __user_initial_stackheap                 0x08004d85   Thumb Code     0  startup_stm32f10x_md.o(.text)
    SystemInit                               0x08004e87   Thumb Code    78  system_stm32f10x.o(.text)
    SystemCoreClockUpdate                    0x08004ed5   Thumb Code   142  system_stm32f10x.o(.text)
    __2sprintf                               0x08004f89   Thumb Code    34  noretval__2sprintf.o(.text)
    _printf_pre_padding                      0x08004fb1   Thumb Code    44  _printf_pad.o(.text)
    _printf_post_padding                     0x08004fdd   Thumb Code    34  _printf_pad.o(.text)
    _printf_int_dec                          0x08005001   Thumb Code   104  _printf_dec.o(.text)
    __printf                                 0x08005079   Thumb Code   270  __printf_wp.o(.text)
    strtol                                   0x08005187   Thumb Code   112  strtol.o(.text)
    __aeabi_memcpy                           0x080051f7   Thumb Code     0  rt_memcpy_v6.o(.text)
    __rt_memcpy                              0x080051f7   Thumb Code   138  rt_memcpy_v6.o(.text)
    _memcpy_lastbytes                        0x0800525d   Thumb Code     0  rt_memcpy_v6.o(.text)
    __aeabi_memclr                           0x08005281   Thumb Code     0  rt_memclr.o(.text)
    __rt_memclr                              0x08005281   Thumb Code    68  rt_memclr.o(.text)
    _memset                                  0x08005285   Thumb Code     0  rt_memclr.o(.text)
    __use_two_region_memory                  0x080052c5   Thumb Code     2  heapauxi.o(.text)
    __rt_heap_escrow$2region                 0x080052c7   Thumb Code     2  heapauxi.o(.text)
    __rt_heap_expand$2region                 0x080052c9   Thumb Code     2  heapauxi.o(.text)
    __rt_ctype_table                         0x080052cd   Thumb Code    16  rt_ctype_table.o(.text)
    __aeabi_errno_addr                       0x080052dd   Thumb Code     8  rt_errno_addr_intlibspace.o(.text)
    __errno$intlibspace                      0x080052dd   Thumb Code     0  rt_errno_addr_intlibspace.o(.text)
    __rt_errno_addr$intlibspace              0x080052dd   Thumb Code     0  rt_errno_addr_intlibspace.o(.text)
    _printf_int_common                       0x080052e5   Thumb Code   178  _printf_intcommon.o(.text)
    __lib_sel_fp_printf                      0x08005397   Thumb Code     2  _printf_fp_dec.o(.text)
    _printf_fp_dec_real                      0x08005545   Thumb Code   620  _printf_fp_dec.o(.text)
    _printf_char_common                      0x080057bb   Thumb Code    32  _printf_char_common.o(.text)
    _sputc                                   0x080057e1   Thumb Code    10  _sputc.o(.text)
    _strtoul                                 0x080057eb   Thumb Code   158  _strtoul.o(.text)
    __aeabi_memcpy4                          0x08005889   Thumb Code     0  rt_memcpy_w.o(.text)
    __aeabi_memcpy8                          0x08005889   Thumb Code     0  rt_memcpy_w.o(.text)
    __rt_memcpy_w                            0x08005889   Thumb Code   100  rt_memcpy_w.o(.text)
    _memcpy_lastbytes_aligned                0x080058d1   Thumb Code     0  rt_memcpy_w.o(.text)
    __aeabi_memclr4                          0x080058ed   Thumb Code     0  rt_memclr_w.o(.text)
    __aeabi_memclr8                          0x080058ed   Thumb Code     0  rt_memclr_w.o(.text)
    __rt_memclr_w                            0x080058ed   Thumb Code    78  rt_memclr_w.o(.text)
    _memset_w                                0x080058f1   Thumb Code     0  rt_memclr_w.o(.text)
    __user_libspace                          0x0800593d   Thumb Code     8  libspace.o(.text)
    __user_perproc_libspace                  0x0800593d   Thumb Code     0  libspace.o(.text)
    __user_perthread_libspace                0x0800593d   Thumb Code     0  libspace.o(.text)
    __rt_locale                              0x08005945   Thumb Code     8  rt_locale_intlibspace.o(.text)
    _ll_udiv10                               0x0800594d   Thumb Code   138  lludiv10.o(.text)
    _printf_fp_infnan                        0x080059d9   Thumb Code   112  _printf_fp_infnan.o(.text)
    _chval                                   0x08005a59   Thumb Code    28  _chval.o(.text)
    _btod_etento                             0x08005a75   Thumb Code   216  bigflt0.o(.text)
    __user_setup_stackheap                   0x08005b51   Thumb Code    74  sys_stackheap_outer.o(.text)
    exit                                     0x08005b9b   Thumb Code    18  exit.o(.text)
    strcmp                                   0x08005bad   Thumb Code   128  strcmpv7m.o(.text)
    _btod_d2e                                0x08005c2d   Thumb Code    62  btod.o(CL$$btod_d2e)
    _d2e_denorm_low                          0x08005c6b   Thumb Code    70  btod.o(CL$$btod_d2e_denorm_low)
    _d2e_norm_op1                            0x08005cb1   Thumb Code    96  btod.o(CL$$btod_d2e_norm_op1)
    __btod_div_common                        0x08005d11   Thumb Code   696  btod.o(CL$$btod_div_common)
    _e2e                                     0x08006049   Thumb Code   198  btod.o(CL$$btod_e2e)
    _btod_ediv                               0x0800610f   Thumb Code    40  btod.o(CL$$btod_ediv)
    _btod_emul                               0x08006137   Thumb Code    40  btod.o(CL$$btod_emul)
    __btod_mult_common                       0x0800615f   Thumb Code   580  btod.o(CL$$btod_mult_common)
    __ARM_fpclassify                         0x080063a3   Thumb Code    40  fpclassify.o(i.__ARM_fpclassify)
    _is_digit                                0x080063cb   Thumb Code    14  __printf_wp.o(i._is_digit)
    floor                                    0x080063d9   Thumb Code   204  floor.o(i.floor)
    _get_lc_ctype                            0x080064b5   Thumb Code    44  lc_ctype_c.o(locale$$code)
    _get_lc_numeric                          0x080064e1   Thumb Code    44  lc_numeric_c.o(locale$$code)
    __aeabi_d2f                              0x0800650d   Thumb Code     0  d2f.o(x$fpl$d2f)
    _d2f                                     0x0800650d   Thumb Code    98  d2f.o(x$fpl$d2f)
    __aeabi_dadd                             0x08006571   Thumb Code     0  daddsub_clz.o(x$fpl$dadd)
    _dadd                                    0x08006571   Thumb Code   332  daddsub_clz.o(x$fpl$dadd)
    __fpl_dcmp_Inf                           0x080066c1   Thumb Code    24  dcmpi.o(x$fpl$dcmpinf)
    __aeabi_ddiv                             0x080066d9   Thumb Code     0  ddiv.o(x$fpl$ddiv)
    _ddiv                                    0x080066d9   Thumb Code   552  ddiv.o(x$fpl$ddiv)
    __aeabi_d2iz                             0x08006989   Thumb Code     0  dfix.o(x$fpl$dfix)
    _dfix                                    0x08006989   Thumb Code    94  dfix.o(x$fpl$dfix)
    __aeabi_d2uiz                            0x080069e9   Thumb Code     0  dfixu.o(x$fpl$dfixu)
    _dfixu                                   0x080069e9   Thumb Code    90  dfixu.o(x$fpl$dfixu)
    __aeabi_i2d                              0x08006a43   Thumb Code     0  dflt_clz.o(x$fpl$dflt)
    _dflt                                    0x08006a43   Thumb Code    46  dflt_clz.o(x$fpl$dflt)
    __aeabi_ui2d                             0x08006a71   Thumb Code     0  dflt_clz.o(x$fpl$dfltu)
    _dfltu                                   0x08006a71   Thumb Code    38  dflt_clz.o(x$fpl$dfltu)
    __aeabi_cdcmple                          0x08006a99   Thumb Code     0  dleqf.o(x$fpl$dleqf)
    _dcmple                                  0x08006a99   Thumb Code   120  dleqf.o(x$fpl$dleqf)
    __fpl_dcmple_InfNaN                      0x08006afb   Thumb Code     0  dleqf.o(x$fpl$dleqf)
    __aeabi_dmul                             0x08006b11   Thumb Code     0  dmul.o(x$fpl$dmul)
    _dmul                                    0x08006b11   Thumb Code   332  dmul.o(x$fpl$dmul)
    __fpl_dnaninf                            0x08006c65   Thumb Code   156  dnaninf.o(x$fpl$dnaninf)
    __fpl_dretinf                            0x08006d01   Thumb Code    12  dretinf.o(x$fpl$dretinf)
    __aeabi_cdrcmple                         0x08006d0d   Thumb Code     0  drleqf.o(x$fpl$drleqf)
    _drcmple                                 0x08006d0d   Thumb Code   108  drleqf.o(x$fpl$drleqf)
    __aeabi_drsub                            0x08006d79   Thumb Code     0  daddsub_clz.o(x$fpl$drsb)
    _drsb                                    0x08006d79   Thumb Code    22  daddsub_clz.o(x$fpl$drsb)
    __aeabi_dsub                             0x08006d91   Thumb Code     0  daddsub_clz.o(x$fpl$dsub)
    _dsub                                    0x08006d91   Thumb Code   464  daddsub_clz.o(x$fpl$dsub)
    __aeabi_f2d                              0x08006f65   Thumb Code     0  f2d.o(x$fpl$f2d)
    _f2d                                     0x08006f65   Thumb Code    86  f2d.o(x$fpl$f2d)
    __aeabi_i2f                              0x08006fbd   Thumb Code     0  fflt_clz.o(x$fpl$fflt)
    _fflt                                    0x08006fbd   Thumb Code    48  fflt_clz.o(x$fpl$fflt)
    __fpl_fnaninf                            0x08006fed   Thumb Code   140  fnaninf.o(x$fpl$fnaninf)
    __fpl_fretinf                            0x08007079   Thumb Code    10  fretinf.o(x$fpl$fretinf)
    _printf_fp_dec                           0x08007083   Thumb Code     4  printf1.o(x$fpl$printf1)
    __I$use$fp                               0x08007086   Number         0  usenofp.o(x$fpl$usenofp)
    TxError                                  0x08007274   Data           4  i2c.o(.constdata)
    RxError                                  0x08007278   Data           4  i2c.o(.constdata)
    Region$$Table$$Base                      0x08007310   Number         0  anon$$obj.o(Region$$Table)
    Region$$Table$$Limit                     0x08007330   Number         0  anon$$obj.o(Region$$Table)
    __ctype                                  0x0800733d   Data           0  lc_ctype_c.o(locale$$data)
    TimeDisplay                              0x20000004   Data           4  main.o(.data)
    newData                                  0x20000008   Data           1  main.o(.data)
    newFrequ                                 0x20000009   Data           1  main.o(.data)
    newDuty                                  0x2000000a   Data           1  main.o(.data)
    ms_ticks                                 0x2000001c   Data           4  stm32f10x_it.o(.data)
    GPIO_InitStructure                       0x20000020   Data           4  configuration.o(.data)
    ADC_Value                                0x20000024   Data           4  configuration.o(.data)
    I2C1_state                               0x20000028   Data           1  i2c.o(.data)
    I2C2_state                               0x20000029   Data           1  i2c.o(.data)
    glcd_bbox                                0x2000002c   Data           4  glcd.o(.data)
    glcd_buffer_selected                     0x20000030   Data           4  glcd.o(.data)
    glcd_bbox_selected                       0x20000034   Data           4  glcd.o(.data)
    SystemCoreClock                          0x2000004c   Data           4  system_stm32f10x.o(.data)
    AHBPrescTable                            0x20000050   Data          16  system_stm32f10x.o(.data)
    RCC_Clocks                               0x20000060   Data          20  main.o(.bss)
    dutyReceive                              0x20000074   Data          15  main.o(.bss)
    frequReceive                             0x20000083   Data          15  main.o(.bss)
    glcd_buffer                              0x20000092   Data         512  glcd.o(.bss)
    font_current                             0x20000294   Data          12  text.o(.bss)
    __libspace_start                         0x200002a0   Data          96  libspace.o(.bss)
    __temporary_stack_top$libspace           0x20000300   Data           0  libspace.o(.bss)



==============================================================================

Memory Map of the image

  Image Entry point : 0x08004d69

  Load Region LR_1 (Base: 0x08000000, Size: 0x000074bc, Max: 0xffffffff, ABSOLUTE)

    Execution Region ER_RO (Base: 0x08000000, Size: 0x0000745c, Max: 0xffffffff, ABSOLUTE)

    Base Addr    Size         Type   Attr      Idx    E Section Name        Object

    0x08000000   0x000000ec   Data   RO          949    RESET               startup_stm32f10x_md.o
    0x080000ec   0x00000008   Code   RO         1027  * !!!main             c_w.l(__main.o)
    0x080000f4   0x00000034   Code   RO         1309    !!!scatter          c_w.l(__scatter.o)
    0x08000128   0x0000001a   Code   RO         1311    !!handler_copy      c_w.l(__scatter_copy.o)
    0x08000142   0x00000002   PAD
    0x08000144   0x0000001c   Code   RO         1313    !!handler_zi        c_w.l(__scatter_zi.o)
    0x08000160   0x00000000   Code   RO         1018    .ARM.Collect$$_printf_percent$$00000000  c_w.l(_printf_percent.o)
    0x08000160   0x00000006   Code   RO         1017    .ARM.Collect$$_printf_percent$$00000003  c_w.l(_printf_f.o)
    0x08000166   0x00000006   Code   RO         1016    .ARM.Collect$$_printf_percent$$00000009  c_w.l(_printf_d.o)
    0x0800016c   0x00000004   Code   RO         1087    .ARM.Collect$$_printf_percent$$00000017  c_w.l(_printf_percent_end.o)
    0x08000170   0x00000002   Code   RO         1184    .ARM.Collect$$libinit$$00000000  c_w.l(libinit.o)
    0x08000172   0x00000000   Code   RO         1186    .ARM.Collect$$libinit$$00000002  c_w.l(libinit2.o)
    0x08000172   0x00000000   Code   RO         1188    .ARM.Collect$$libinit$$00000004  c_w.l(libinit2.o)
    0x08000172   0x00000000   Code   RO         1191    .ARM.Collect$$libinit$$0000000A  c_w.l(libinit2.o)
    0x08000172   0x00000000   Code   RO         1193    .ARM.Collect$$libinit$$0000000C  c_w.l(libinit2.o)
    0x08000172   0x00000000   Code   RO         1195    .ARM.Collect$$libinit$$0000000E  c_w.l(libinit2.o)
    0x08000172   0x00000006   Code   RO         1196    .ARM.Collect$$libinit$$0000000F  c_w.l(libinit2.o)
    0x08000178   0x00000000   Code   RO         1198    .ARM.Collect$$libinit$$00000011  c_w.l(libinit2.o)
    0x08000178   0x0000000c   Code   RO         1199    .ARM.Collect$$libinit$$00000012  c_w.l(libinit2.o)
    0x08000184   0x00000000   Code   RO         1200    .ARM.Collect$$libinit$$00000013  c_w.l(libinit2.o)
    0x08000184   0x00000000   Code   RO         1202    .ARM.Collect$$libinit$$00000015  c_w.l(libinit2.o)
    0x08000184   0x0000000a   Code   RO         1203    .ARM.Collect$$libinit$$00000016  c_w.l(libinit2.o)
    0x0800018e   0x00000000   Code   RO         1204    .ARM.Collect$$libinit$$00000017  c_w.l(libinit2.o)
    0x0800018e   0x00000000   Code   RO         1206    .ARM.Collect$$libinit$$00000019  c_w.l(libinit2.o)
    0x0800018e   0x00000000   Code   RO         1208    .ARM.Collect$$libinit$$0000001B  c_w.l(libinit2.o)
    0x0800018e   0x00000000   Code   RO         1210    .ARM.Collect$$libinit$$0000001D  c_w.l(libinit2.o)
    0x0800018e   0x00000000   Code   RO         1212    .ARM.Collect$$libinit$$0000001F  c_w.l(libinit2.o)
    0x0800018e   0x00000000   Code   RO         1214    .ARM.Collect$$libinit$$00000021  c_w.l(libinit2.o)
    0x0800018e   0x00000000   Code   RO         1216    .ARM.Collect$$libinit$$00000023  c_w.l(libinit2.o)
    0x0800018e   0x00000000   Code   RO         1218    .ARM.Collect$$libinit$$00000025  c_w.l(libinit2.o)
    0x0800018e   0x00000000   Code   RO         1222    .ARM.Collect$$libinit$$0000002C  c_w.l(libinit2.o)
    0x0800018e   0x00000000   Code   RO         1224    .ARM.Collect$$libinit$$0000002E  c_w.l(libinit2.o)
    0x0800018e   0x00000000   Code   RO         1226    .ARM.Collect$$libinit$$00000030  c_w.l(libinit2.o)
    0x0800018e   0x00000000   Code   RO         1228    .ARM.Collect$$libinit$$00000032  c_w.l(libinit2.o)
    0x0800018e   0x00000002   Code   RO         1229    .ARM.Collect$$libinit$$00000033  c_w.l(libinit2.o)
    0x08000190   0x00000002   Code   RO         1259    .ARM.Collect$$libshutdown$$00000000  c_w.l(libshutdown.o)
    0x08000192   0x00000000   Code   RO         1270    .ARM.Collect$$libshutdown$$00000002  c_w.l(libshutdown2.o)
    0x08000192   0x00000000   Code   RO         1272    .ARM.Collect$$libshutdown$$00000004  c_w.l(libshutdown2.o)
    0x08000192   0x00000000   Code   RO         1275    .ARM.Collect$$libshutdown$$00000007  c_w.l(libshutdown2.o)
    0x08000192   0x00000000   Code   RO         1278    .ARM.Collect$$libshutdown$$0000000A  c_w.l(libshutdown2.o)
    0x08000192   0x00000000   Code   RO         1280    .ARM.Collect$$libshutdown$$0000000C  c_w.l(libshutdown2.o)
    0x08000192   0x00000000   Code   RO         1283    .ARM.Collect$$libshutdown$$0000000F  c_w.l(libshutdown2.o)
    0x08000192   0x00000002   Code   RO         1284    .ARM.Collect$$libshutdown$$00000010  c_w.l(libshutdown2.o)
    0x08000194   0x00000000   Code   RO         1071    .ARM.Collect$$rtentry$$00000000  c_w.l(__rtentry.o)
    0x08000194   0x00000000   Code   RO         1109    .ARM.Collect$$rtentry$$00000002  c_w.l(__rtentry2.o)
    0x08000194   0x00000006   Code   RO         1121    .ARM.Collect$$rtentry$$00000004  c_w.l(__rtentry4.o)
    0x0800019a   0x00000000   Code   RO         1111    .ARM.Collect$$rtentry$$00000009  c_w.l(__rtentry2.o)
    0x0800019a   0x00000004   Code   RO         1112    .ARM.Collect$$rtentry$$0000000A  c_w.l(__rtentry2.o)
    0x0800019e   0x00000000   Code   RO         1114    .ARM.Collect$$rtentry$$0000000C  c_w.l(__rtentry2.o)
    0x0800019e   0x00000008   Code   RO         1115    .ARM.Collect$$rtentry$$0000000D  c_w.l(__rtentry2.o)
    0x080001a6   0x00000002   Code   RO         1232    .ARM.Collect$$rtexit$$00000000  c_w.l(rtexit.o)
    0x080001a8   0x00000000   Code   RO         1239    .ARM.Collect$$rtexit$$00000002  c_w.l(rtexit2.o)
    0x080001a8   0x00000004   Code   RO         1240    .ARM.Collect$$rtexit$$00000003  c_w.l(rtexit2.o)
    0x080001ac   0x00000006   Code   RO         1241    .ARM.Collect$$rtexit$$00000004  c_w.l(rtexit2.o)
    0x080001b2   0x00000002   PAD
    0x080001b4   0x00000498   Code   RO            4    .text               main.o
    0x0800064c   0x00000050   Code   RO          184    .text               stm32f10x_it.o
    0x0800069c   0x00000404   Code   RO          219    .text               configuration.o
    0x08000aa0   0x0000004c   Code   RO          246    .text               rtc.o
    0x08000aec   0x00000048   Code   RO          294    .text               lm75b.o
    0x08000b34   0x0000008c   Code   RO          318    .text               display.o
    0x08000bc0   0x00000638   Code   RO          342    .text               i2c.o
    0x080011f8   0x00000030   Code   RO          367    .text               retarget.o
    0x08001228   0x00000188   Code   RO          395    .text               serial.o
    0x080013b0   0x00000168   Code   RO          419    .text               glcd.o
    0x08001518   0x00000694   Code   RO          474    .text               graphics.o
    0x08001bac   0x00000364   Code   RO          525    .text               text.o
    0x08001f10   0x00000280   Code   RO          556    .text               text_tiny.o
    0x08002190   0x00000218   Code   RO          580    .text               st7565r.o
    0x080023a8   0x000000dc   Code   RO          633    .text               misc.o
    0x08002484   0x0000044e   Code   RO          657    .text               stm32f10x_adc.o
    0x080028d2   0x00000002   PAD
    0x080028d4   0x000000c4   Code   RO          681    .text               stm32f10x_bkp.o
    0x08002998   0x00000254   Code   RO          705    .text               stm32f10x_dma.o
    0x08002bec   0x0000035c   Code   RO          753    .text               stm32f10x_gpio.o
    0x08002f48   0x00000404   Code   RO          777    .text               stm32f10x_i2c.o
    0x0800334c   0x000003a4   Code   RO          801    .text               stm32f10x_rcc.o
    0x080036f0   0x00000148   Code   RO          827    .text               stm32f10x_rtc.o
    0x08003838   0x0000030c   Code   RO          851    .text               stm32f10x_spi.o
    0x08003b44   0x00000e1a   Code   RO          875    .text               stm32f10x_tim.o
    0x0800495e   0x00000002   PAD
    0x08004960   0x00000408   Code   RO          899    .text               stm32f10x_usart.o
    0x08004d68   0x00000040   Code   RO          950  * .text               startup_stm32f10x_md.o
    0x08004da8   0x000001e0   Code   RO          957    .text               system_stm32f10x.o
    0x08004f88   0x00000028   Code   RO          988    .text               c_w.l(noretval__2sprintf.o)
    0x08004fb0   0x0000004e   Code   RO          992    .text               c_w.l(_printf_pad.o)
    0x08004ffe   0x00000002   PAD
    0x08005000   0x00000078   Code   RO          994    .text               c_w.l(_printf_dec.o)
    0x08005078   0x0000010e   Code   RO         1004    .text               c_w.l(__printf_wp.o)
    0x08005186   0x00000070   Code   RO         1019    .text               c_w.l(strtol.o)
    0x080051f6   0x0000008a   Code   RO         1021    .text               c_w.l(rt_memcpy_v6.o)
    0x08005280   0x00000044   Code   RO         1023    .text               c_w.l(rt_memclr.o)
    0x080052c4   0x00000006   Code   RO         1025    .text               c_w.l(heapauxi.o)
    0x080052ca   0x00000002   PAD
    0x080052cc   0x00000010   Code   RO         1072    .text               c_w.l(rt_ctype_table.o)
    0x080052dc   0x00000008   Code   RO         1077    .text               c_w.l(rt_errno_addr_intlibspace.o)
    0x080052e4   0x000000b2   Code   RO         1079    .text               c_w.l(_printf_intcommon.o)
    0x08005396   0x0000041a   Code   RO         1081    .text               c_w.l(_printf_fp_dec.o)
    0x080057b0   0x00000030   Code   RO         1083    .text               c_w.l(_printf_char_common.o)
    0x080057e0   0x0000000a   Code   RO         1085    .text               c_w.l(_sputc.o)
    0x080057ea   0x0000009e   Code   RO         1088    .text               c_w.l(_strtoul.o)
    0x08005888   0x00000064   Code   RO         1090    .text               c_w.l(rt_memcpy_w.o)
    0x080058ec   0x0000004e   Code   RO         1092    .text               c_w.l(rt_memclr_w.o)
    0x0800593a   0x00000002   PAD
    0x0800593c   0x00000008   Code   RO         1105    .text               c_w.l(libspace.o)
    0x08005944   0x00000008   Code   RO         1126    .text               c_w.l(rt_locale_intlibspace.o)
    0x0800594c   0x0000008a   Code   RO         1128    .text               c_w.l(lludiv10.o)
    0x080059d6   0x00000002   PAD
    0x080059d8   0x00000080   Code   RO         1130    .text               c_w.l(_printf_fp_infnan.o)
    0x08005a58   0x0000001c   Code   RO         1134    .text               c_w.l(_chval.o)
    0x08005a74   0x000000dc   Code   RO         1136    .text               c_w.l(bigflt0.o)
    0x08005b50   0x0000004a   Code   RO         1173    .text               c_w.l(sys_stackheap_outer.o)
    0x08005b9a   0x00000012   Code   RO         1175    .text               c_w.l(exit.o)
    0x08005bac   0x00000080   Code   RO         1177    .text               c_w.l(strcmpv7m.o)
    0x08005c2c   0x0000003e   Code   RO         1139    CL$$btod_d2e        c_w.l(btod.o)
    0x08005c6a   0x00000046   Code   RO         1141    CL$$btod_d2e_denorm_low  c_w.l(btod.o)
    0x08005cb0   0x00000060   Code   RO         1140    CL$$btod_d2e_norm_op1  c_w.l(btod.o)
    0x08005d10   0x00000338   Code   RO         1149    CL$$btod_div_common  c_w.l(btod.o)
    0x08006048   0x000000c6   Code   RO         1146    CL$$btod_e2e        c_w.l(btod.o)
    0x0800610e   0x00000028   Code   RO         1143    CL$$btod_ediv       c_w.l(btod.o)
    0x08006136   0x00000028   Code   RO         1142    CL$$btod_emul       c_w.l(btod.o)
    0x0800615e   0x00000244   Code   RO         1148    CL$$btod_mult_common  c_w.l(btod.o)
    0x080063a2   0x00000028   Code   RO         1171    i.__ARM_fpclassify  m_ws.l(fpclassify.o)
    0x080063ca   0x0000000e   Code   RO         1006    i._is_digit         c_w.l(__printf_wp.o)
    0x080063d8   0x000000dc   Code   RO         1068    i.floor             m_ws.l(floor.o)
    0x080064b4   0x0000002c   Code   RO         1162    locale$$code        c_w.l(lc_ctype_c.o)
    0x080064e0   0x0000002c   Code   RO         1165    locale$$code        c_w.l(lc_numeric_c.o)
    0x0800650c   0x00000062   Code   RO         1029    x$fpl$d2f           fz_ws.l(d2f.o)
    0x0800656e   0x00000002   PAD
    0x08006570   0x00000150   Code   RO         1031    x$fpl$dadd          fz_ws.l(daddsub_clz.o)
    0x080066c0   0x00000018   Code   RO         1230    x$fpl$dcmpinf       fz_ws.l(dcmpi.o)
    0x080066d8   0x000002b0   Code   RO         1038    x$fpl$ddiv          fz_ws.l(ddiv.o)
    0x08006988   0x0000005e   Code   RO         1041    x$fpl$dfix          fz_ws.l(dfix.o)
    0x080069e6   0x00000002   PAD
    0x080069e8   0x0000005a   Code   RO         1045    x$fpl$dfixu         fz_ws.l(dfixu.o)
    0x08006a42   0x0000002e   Code   RO         1050    x$fpl$dflt          fz_ws.l(dflt_clz.o)
    0x08006a70   0x00000026   Code   RO         1049    x$fpl$dfltu         fz_ws.l(dflt_clz.o)
    0x08006a96   0x00000002   PAD
    0x08006a98   0x00000078   Code   RO         1167    x$fpl$dleqf         fz_ws.l(dleqf.o)
    0x08006b10   0x00000154   Code   RO         1055    x$fpl$dmul          fz_ws.l(dmul.o)
    0x08006c64   0x0000009c   Code   RO         1094    x$fpl$dnaninf       fz_ws.l(dnaninf.o)
    0x08006d00   0x0000000c   Code   RO         1096    x$fpl$dretinf       fz_ws.l(dretinf.o)
    0x08006d0c   0x0000006c   Code   RO         1098    x$fpl$drleqf        fz_ws.l(drleqf.o)
    0x08006d78   0x00000016   Code   RO         1032    x$fpl$drsb          fz_ws.l(daddsub_clz.o)
    0x08006d8e   0x00000002   PAD
    0x08006d90   0x000001d4   Code   RO         1033    x$fpl$dsub          fz_ws.l(daddsub_clz.o)
    0x08006f64   0x00000056   Code   RO         1057    x$fpl$f2d           fz_ws.l(f2d.o)
    0x08006fba   0x00000002   PAD
    0x08006fbc   0x00000030   Code   RO         1060    x$fpl$fflt          fz_ws.l(fflt_clz.o)
    0x08006fec   0x0000008c   Code   RO         1100    x$fpl$fnaninf       fz_ws.l(fnaninf.o)
    0x08007078   0x0000000a   Code   RO         1102    x$fpl$fretinf       fz_ws.l(fretinf.o)
    0x08007082   0x00000004   Code   RO         1065    x$fpl$printf1       fz_ws.l(printf1.o)
    0x08007086   0x00000000   Code   RO         1104    x$fpl$usenofp       fz_ws.l(usenofp.o)
    0x08007086   0x00000002   PAD
    0x08007088   0x000001ec   Data   RO            6    .constdata          main.o
    0x08007274   0x00000008   Data   RO          343    .constdata          i2c.o
    0x0800727c   0x00000094   Data   RO         1137    .constdata          c_w.l(bigflt0.o)
    0x08007310   0x00000020   Data   RO         1307    Region$$Table       anon$$obj.o
    0x08007330   0x00000110   Data   RO         1161    locale$$data        c_w.l(lc_ctype_c.o)
    0x08007440   0x0000001c   Data   RO         1164    locale$$data        c_w.l(lc_numeric_c.o)


    Execution Region ER_RW (Base: 0x20000000, Size: 0x00000060, Max: 0xffffffff, ABSOLUTE)

    Base Addr    Size         Type   Attr      Idx    E Section Name        Object

    0x20000000   0x0000001c   Data   RW            7    .data               main.o
    0x2000001c   0x00000004   Data   RW          185    .data               stm32f10x_it.o
    0x20000020   0x00000008   Data   RW          220    .data               configuration.o
    0x20000028   0x00000003   Data   RW          344    .data               i2c.o
    0x2000002b   0x00000001   PAD
    0x2000002c   0x0000000c   Data   RW          421    .data               glcd.o
    0x20000038   0x00000014   Data   RW          802    .data               stm32f10x_rcc.o
    0x2000004c   0x00000014   Data   RW          958    .data               system_stm32f10x.o


    Execution Region ER_ZI (Base: 0x20000060, Size: 0x000008a0, Max: 0xffffffff, ABSOLUTE)

    Base Addr    Size         Type   Attr      Idx    E Section Name        Object

    0x20000060   0x00000032   Zero   RW            5    .bss                main.o
    0x20000092   0x00000200   Zero   RW          420    .bss                glcd.o
    0x20000292   0x00000002   PAD
    0x20000294   0x0000000c   Zero   RW          526    .bss                text.o
    0x200002a0   0x00000060   Zero   RW         1106    .bss                c_w.l(libspace.o)
    0x20000300   0x00000200   Zero   RW          948    HEAP                startup_stm32f10x_md.o
    0x20000500   0x00000400   Zero   RW          947    STACK               startup_stm32f10x_md.o


==============================================================================

Image component sizes


      Code (inc. data)   RO Data    RW Data    ZI Data      Debug   Object Name

      1028         46          0          8          0       3514   configuration.o
       140         14          0          0          0       1060   display.o
       360         10          0         12        512       4253   glcd.o
      1684         12          0          0          0       5370   graphics.o
      1592         62          8          3          0       7253   i2c.o
        72          4          0          0          0        589   lm75b.o
      1176        190        492         28         50     314076   main.o
       220         22          0          0          0       1925   misc.o
        48          0          0          0          0       2879   retarget.o
        76          0          0          0          0        553   rtc.o
       392         18          0          0          0       1471   serial.o
       536         14          0          0          0       3256   st7565r.o
        64         26        236          0       1536        900   startup_stm32f10x_md.o
      1102         26          0          0          0      11165   stm32f10x_adc.o
       196          8          0          0          0       3624   stm32f10x_bkp.o
       596          8          0          0          0       4490   stm32f10x_dma.o
       860         38          0          0          0       5861   stm32f10x_gpio.o
      1028         16          0          0          0       9351   stm32f10x_i2c.o
        80          8          0          4          0       2299   stm32f10x_it.o
       932         36          0         20          0       9024   stm32f10x_rcc.o
       328          4          0          0          0       2762   stm32f10x_rtc.o
       780         14          0          0          0       6738   stm32f10x_spi.o
      3610         88          0          0          0      22968   stm32f10x_tim.o
      1032         22          0          0          0       8580   stm32f10x_usart.o
       480         38          0         20          0       2135   system_stm32f10x.o
       868          4          0          0         12       5233   text.o
       640          8          0          0          0       2976   text_tiny.o

    ----------------------------------------------------------------------
     19924        736        768         96       2112     444305   Object Totals
         0          0         32          0          0          0   (incl. Generated)
         4          0          0          1          2          0   (incl. Padding)

    ----------------------------------------------------------------------

      Code (inc. data)   RO Data    RW Data    ZI Data      Debug   Library Member Name

         8          0          0          0          0         68   __main.o
       284          0          0          0          0        156   __printf_wp.o
         0          0          0          0          0          0   __rtentry.o
        12          0          0          0          0          0   __rtentry2.o
         6          0          0          0          0          0   __rtentry4.o
        52          8          0          0          0          0   __scatter.o
        26          0          0          0          0          0   __scatter_copy.o
        28          0          0          0          0          0   __scatter_zi.o
        28          0          0          0          0         68   _chval.o
        48          6          0          0          0         96   _printf_char_common.o
         6          0          0          0          0          0   _printf_d.o
       120         16          0          0          0         92   _printf_dec.o
         6          0          0          0          0          0   _printf_f.o
      1050          0          0          0          0        216   _printf_fp_dec.o
       128         16          0          0          0         84   _printf_fp_infnan.o
       178          0          0          0          0         88   _printf_intcommon.o
        78          0          0          0          0        108   _printf_pad.o
         0          0          0          0          0          0   _printf_percent.o
         4          0          0          0          0          0   _printf_percent_end.o
        10          0          0          0          0         68   _sputc.o
       158          0          0          0          0         92   _strtoul.o
       220          4        148          0          0         96   bigflt0.o
      1910        128          0          0          0        672   btod.o
        18          0          0          0          0         80   exit.o
         6          0          0          0          0        152   heapauxi.o
        44         10        272          0          0         76   lc_ctype_c.o
        44         10         28          0          0         76   lc_numeric_c.o
         2          0          0          0          0          0   libinit.o
        30          0          0          0          0          0   libinit2.o
         2          0          0          0          0          0   libshutdown.o
         2          0          0          0          0          0   libshutdown2.o
         8          4          0          0         96         68   libspace.o
       138          0          0          0          0         80   lludiv10.o
        40          6          0          0          0         84   noretval__2sprintf.o
        16          4          0          0          0         76   rt_ctype_table.o
         8          4          0          0          0         68   rt_errno_addr_intlibspace.o
         8          4          0          0          0         68   rt_locale_intlibspace.o
        68          0          0          0          0         68   rt_memclr.o
        78          0          0          0          0         80   rt_memclr_w.o
       138          0          0          0          0         68   rt_memcpy_v6.o
       100          0          0          0          0         80   rt_memcpy_w.o
         2          0          0          0          0          0   rtexit.o
        10          0          0          0          0          0   rtexit2.o
       128          0          0          0          0         68   strcmpv7m.o
       112          0          0          0          0         88   strtol.o
        74          0          0          0          0         80   sys_stackheap_outer.o
        98          4          0          0          0         92   d2f.o
       826         16          0          0          0        348   daddsub_clz.o
        24          0          0          0          0         68   dcmpi.o
       688        140          0          0          0        208   ddiv.o
        94          4          0          0          0         92   dfix.o
        90          4          0          0          0         92   dfixu.o
        84          0          0          0          0        136   dflt_clz.o
       120          4          0          0          0         92   dleqf.o
       340         12          0          0          0        104   dmul.o
       156          4          0          0          0         92   dnaninf.o
        12          0          0          0          0         68   dretinf.o
       108          0          0          0          0         80   drleqf.o
        86          4          0          0          0         84   f2d.o
        48          0          0          0          0         68   fflt_clz.o
       140          4          0          0          0         84   fnaninf.o
        10          0          0          0          0         68   fretinf.o
         4          0          0          0          0         68   printf1.o
         0          0          0          0          0          0   usenofp.o
       220         16          0          0          0         84   floor.o
        40          0          0          0          0         68   fpclassify.o

    ----------------------------------------------------------------------
      8648        432        448          0         96       5260   Library Totals
        24          0          0          0          0          0   (incl. Padding)

    ----------------------------------------------------------------------

      Code (inc. data)   RO Data    RW Data    ZI Data      Debug   Library Name

      5436        220        448          0         96       3264   c_w.l
      2928        196          0          0          0       1844   fz_ws.l
       260         16          0          0          0        152   m_ws.l

    ----------------------------------------------------------------------
      8648        432        448          0         96       5260   Library Totals

    ----------------------------------------------------------------------

==============================================================================


      Code (inc. data)   RO Data    RW Data    ZI Data      Debug   

     28572       1168       1216         96       2208     443529   Grand Totals
     28572       1168       1216         96       2208     443529   ELF Image Totals
     28572       1168       1216         96          0          0   ROM Totals

==============================================================================

    Total RO  Size (Code + RO Data)                29788 (  29.09kB)
    Total RW  Size (RW Data + ZI Data)              2304 (   2.25kB)
    Total ROM Size (Code + RO Data + RW Data)      29884 (  29.18kB)

==============================================================================

